Component: ARM Compiler 5.06 update 6 (build 750) Tool: armlink [4d35ed]

==============================================================================

Section Cross References

    startup.o(RESET) refers to startup.o(STACK) for StackMem
    startup.o(RESET) refers to osasm.o(.text) for PendSV_Handler
    startup.o(RESET) refers to os.o(i.SysTick_Handler) for SysTick_Handler
    startup.o(RESET) refers to uart0int.o(i.UART0_Handler) for UART0_Handler
    startup.o(RESET) refers to adct0atrigger.o(i.ADC0Seq0_Handler) for ADC0Seq0_Handler
    startup.o(RESET) refers to adct0atrigger.o(i.ADC0Seq3_Handler) for ADC0Seq3_Handler
    startup.o(RESET) refers to timer1a.o(i.Timer1A_Handler) for Timer1A_Handler
    startup.o(RESET) refers to os.o(i.GPIOPortF_Handler) for GPIOPortF_Handler
    startup.o(RESET) refers to wtimer0a.o(i.WideTimer0A_Handler) for WideTimer0A_Handler
    startup.o(RESET) refers to entry.o(.ARM.Collect$$$$00000000) for __main
    os.o(i.EdgeCounterPortF_Init) refers to os.o(.data) for GPIOHandlerFunction
    os.o(i.GPIOPortF_Handler) refers to startup.o(.text) for StartCritical
    os.o(i.GPIOPortF_Handler) refers to os.o(.data) for FallingEdges
    os.o(i.OS_AddPeriodicThread) refers to timer1a.o(i.Timer1A_Init) for Timer1A_Init
    os.o(i.OS_AddPeriodicThread) refers to os.o(.data) for count
    os.o(i.OS_AddSW1Task) refers to os.o(i.EdgeCounterPortF_Init) for EdgeCounterPortF_Init
    os.o(i.OS_AddThread) refers to startup.o(.text) for StartCritical
    os.o(i.OS_AddThread) refers to os.o(i.SetInitialStack) for SetInitialStack
    os.o(i.OS_AddThread) refers to lab3.o(.data) for NumCreated
    os.o(i.OS_AddThread) refers to os.o(.bss) for tcbs
    os.o(i.OS_ClearMsTime) refers to os.o(.data) for time
    os.o(i.OS_Fifo_Get) refers to os.o(i.OS_Wait) for OS_Wait
    os.o(i.OS_Fifo_Get) refers to os.o(i.osFifo_Get) for osFifo_Get
    os.o(i.OS_Fifo_Get) refers to os.o(i.OS_Signal) for OS_Signal
    os.o(i.OS_Fifo_Get) refers to os.o(.bss) for data_s
    os.o(i.OS_Fifo_Init) refers to os.o(i.osFifo_Init) for osFifo_Init
    os.o(i.OS_Fifo_Init) refers to os.o(i.OS_InitSemaphore) for OS_InitSemaphore
    os.o(i.OS_Fifo_Init) refers to os.o(.bss) for room_left
    os.o(i.OS_Fifo_Put) refers to startup.o(.text) for StartCritical
    os.o(i.OS_Fifo_Put) refers to os.o(i.osFifo_Put) for osFifo_Put
    os.o(i.OS_Fifo_Put) refers to os.o(.bss) for room_left
    os.o(i.OS_Id) refers to os.o(.data) for RunPt
    os.o(i.OS_Init) refers to osasm.o(.text) for OS_DisableInterrupts
    os.o(i.OS_Init) refers to pll.o(i.PLL_Init) for PLL_Init
    os.o(i.OS_Init) refers to wtimer0a.o(i.WideTimer0A_Init) for WideTimer0A_Init
    os.o(i.OS_Init) refers to st7735.o(i.ST7735_InitR) for ST7735_InitR
    os.o(i.OS_Init) refers to os.o(i.upcount) for upcount
    os.o(i.OS_Kill) refers to startup.o(.text) for StartCritical
    os.o(i.OS_Kill) refers to os.o(i.OS_Id) for OS_Id
    os.o(i.OS_Kill) refers to os.o(i.OS_Suspend) for OS_Suspend
    os.o(i.OS_Kill) refers to os.o(.bss) for tcbs
    os.o(i.OS_Kill) refers to os.o(.data) for foo
    os.o(i.OS_Kill) refers to lab3.o(.data) for NumCreated
    os.o(i.OS_Launch) refers to os.o(i.SysTick_Init) for SysTick_Init
    os.o(i.OS_Launch) refers to osasm.o(.text) for StartOS
    os.o(i.OS_Launch) refers to os.o(.bss) for tcbs
    os.o(i.OS_Launch) refers to os.o(.data) for RunPt
    os.o(i.OS_MailBox_Init) refers to os.o(i.OS_InitSemaphore) for OS_InitSemaphore
    os.o(i.OS_MailBox_Init) refers to os.o(.data) for insema
    os.o(i.OS_MailBox_Recv) refers to os.o(i.OS_bWait) for OS_bWait
    os.o(i.OS_MailBox_Recv) refers to os.o(i.OS_bSignal) for OS_bSignal
    os.o(i.OS_MailBox_Recv) refers to os.o(.data) for insema
    os.o(i.OS_MailBox_Send) refers to os.o(i.OS_bWait) for OS_bWait
    os.o(i.OS_MailBox_Send) refers to os.o(i.OS_bSignal) for OS_bSignal
    os.o(i.OS_MailBox_Send) refers to os.o(.data) for outsema
    os.o(i.OS_MsTime) refers to os.o(.data) for time
    os.o(i.OS_Signal) refers to startup.o(.text) for StartCritical
    os.o(i.OS_Sleep) refers to os.o(i.OS_Suspend) for OS_Suspend
    os.o(i.OS_Sleep) refers to os.o(.data) for RunPt
    os.o(i.OS_Suspend) refers to osasm.o(.text) for ContextSwitch
    os.o(i.OS_Suspend) refers to os.o(.data) for RunPt
    os.o(i.OS_Time) refers to os.o(.data) for time
    os.o(i.OS_Wait) refers to startup.o(.text) for StartCritical
    os.o(i.OS_bSignal) refers to startup.o(.text) for StartCritical
    os.o(i.OS_bWait) refers to startup.o(.text) for DisableInterrupts
    os.o(i.SetInitialStack) refers to os.o(.bss) for Stacks
    os.o(i.SysTick_Handler) refers to os.o(i.OS_Suspend) for OS_Suspend
    os.o(i.SysTick_Handler) refers to os.o(.data) for foo1
    os.o(i.SysTick_Init) refers to startup.o(.text) for StartCritical
    os.o(i.fgetc) refers to uart0int.o(i.UART_InChar) for UART_InChar
    os.o(i.fgetc) refers to uart0int.o(i.UART_OutChar) for UART_OutChar
    os.o(i.fputc) refers to uart0int.o(i.UART_OutChar) for UART_OutChar
    os.o(i.osFifo_Get) refers to os.o(.data) for osPutI
    os.o(i.osFifo_Get) refers to os.o(.bss) for osFifo
    os.o(i.osFifo_Init) refers to startup.o(.text) for StartCritical
    os.o(i.osFifo_Init) refers to os.o(.data) for osGetI
    os.o(i.osFifo_Put) refers to os.o(.data) for osPutI
    os.o(i.osFifo_Put) refers to os.o(.bss) for osFifo
    os.o(i.osFifo_Size) refers to os.o(.data) for osPutI
    os.o(i.upcount) refers to startup.o(.text) for StartCritical
    os.o(i.upcount) refers to os.o(.data) for time
    os.o(i.upcount) refers to os.o(.bss) for tcbs
    interpreter.o(i.Interpreter) refers to uart0int.o(i.UART_InString) for UART_InString
    interpreter.o(i.Interpreter) refers to strcmp.o(.text) for strcmp
    interpreter.o(i.Interpreter) refers to uart0int.o(i.UART_OutString) for UART_OutString
    interpreter.o(i.Interpreter) refers to uart0int.o(i.UART_OutUDec) for UART_OutUDec
    interpreter.o(i.Interpreter) refers to interpreter.o(.bss) for things
    interpreter.o(i.Interpreter) refers to os.o(.data) for MaxJitter
    interpreter.o(i.Interpreter) refers to lab3.o(.data) for DataLost
    launchpad.o(i.LaunchPad_WaitForRelease) refers to launchpad.o(i.DelayMs) for DelayMs
    launchpad.o(i.LaunchPad_WaitForTouch) refers to launchpad.o(i.DelayMs) for DelayMs
    st7735.o(i.ST7735_DrawBitmap) refers to st7735.o(i.setAddrWindow) for setAddrWindow
    st7735.o(i.ST7735_DrawBitmap) refers to st7735.o(i.writedata) for writedata
    st7735.o(i.ST7735_DrawBitmap) refers to st7735.o(.data) for _width
    st7735.o(i.ST7735_DrawChar) refers to st7735.o(i.setAddrWindow) for setAddrWindow
    st7735.o(i.ST7735_DrawChar) refers to st7735.o(i.pushColor) for pushColor
    st7735.o(i.ST7735_DrawChar) refers to st7735.o(.data) for _width
    st7735.o(i.ST7735_DrawChar) refers to st7735.o(.constdata) for Font
    st7735.o(i.ST7735_DrawCharS) refers to st7735.o(i.ST7735_DrawPixel) for ST7735_DrawPixel
    st7735.o(i.ST7735_DrawCharS) refers to st7735.o(i.ST7735_FillRect) for ST7735_FillRect
    st7735.o(i.ST7735_DrawCharS) refers to st7735.o(.data) for _width
    st7735.o(i.ST7735_DrawCharS) refers to st7735.o(.constdata) for Font
    st7735.o(i.ST7735_DrawCircle) refers to st7735.o(i.setAddrWindow) for setAddrWindow
    st7735.o(i.ST7735_DrawCircle) refers to st7735.o(i.writedata) for writedata
    st7735.o(i.ST7735_DrawCircle) refers to st7735.o(.data) for _width
    st7735.o(i.ST7735_DrawCircle) refers to st7735.o(.constdata) for circle
    st7735.o(i.ST7735_DrawFastHLine) refers to st7735.o(i.setAddrWindow) for setAddrWindow
    st7735.o(i.ST7735_DrawFastHLine) refers to st7735.o(i.writedata) for writedata
    st7735.o(i.ST7735_DrawFastHLine) refers to st7735.o(.data) for _width
    st7735.o(i.ST7735_DrawFastVLine) refers to st7735.o(i.setAddrWindow) for setAddrWindow
    st7735.o(i.ST7735_DrawFastVLine) refers to st7735.o(i.writedata) for writedata
    st7735.o(i.ST7735_DrawFastVLine) refers to st7735.o(.data) for _width
    st7735.o(i.ST7735_DrawPixel) refers to st7735.o(i.setAddrWindow) for setAddrWindow
    st7735.o(i.ST7735_DrawPixel) refers to st7735.o(i.pushColor) for pushColor
    st7735.o(i.ST7735_DrawPixel) refers to st7735.o(.data) for _width
    st7735.o(i.ST7735_DrawSmallCircle) refers to st7735.o(i.setAddrWindow) for setAddrWindow
    st7735.o(i.ST7735_DrawSmallCircle) refers to st7735.o(i.writedata) for writedata
    st7735.o(i.ST7735_DrawSmallCircle) refers to st7735.o(.data) for _width
    st7735.o(i.ST7735_DrawSmallCircle) refers to st7735.o(.constdata) for smallCircle
    st7735.o(i.ST7735_DrawString) refers to st7735.o(i.ST7735_DrawCharS) for ST7735_DrawCharS
    st7735.o(i.ST7735_FillRect) refers to st7735.o(i.setAddrWindow) for setAddrWindow
    st7735.o(i.ST7735_FillRect) refers to st7735.o(i.writedata) for writedata
    st7735.o(i.ST7735_FillRect) refers to st7735.o(.data) for _width
    st7735.o(i.ST7735_FillScreen) refers to st7735.o(i.ST7735_FillRect) for ST7735_FillRect
    st7735.o(i.ST7735_FillScreen) refers to st7735.o(.data) for _height
    st7735.o(i.ST7735_InitB) refers to st7735.o(i.commonInit) for commonInit
    st7735.o(i.ST7735_InitB) refers to st7735.o(i.ST7735_SetCursor) for ST7735_SetCursor
    st7735.o(i.ST7735_InitB) refers to st7735.o(i.ST7735_FillScreen) for ST7735_FillScreen
    st7735.o(i.ST7735_InitB) refers to os.o(i.OS_InitSemaphore) for OS_InitSemaphore
    st7735.o(i.ST7735_InitB) refers to st7735.o(.constdata) for Bcmd
    st7735.o(i.ST7735_InitB) refers to st7735.o(.data) for StTextColor
    st7735.o(i.ST7735_InitB) refers to st7735.o(.bss) for LCDFree
    st7735.o(i.ST7735_InitR) refers to st7735.o(i.commonInit) for commonInit
    st7735.o(i.ST7735_InitR) refers to st7735.o(i.commandList) for commandList
    st7735.o(i.ST7735_InitR) refers to st7735.o(i.writecommand) for writecommand
    st7735.o(i.ST7735_InitR) refers to st7735.o(i.writedata) for writedata
    st7735.o(i.ST7735_InitR) refers to st7735.o(i.ST7735_SetCursor) for ST7735_SetCursor
    st7735.o(i.ST7735_InitR) refers to st7735.o(i.ST7735_FillScreen) for ST7735_FillScreen
    st7735.o(i.ST7735_InitR) refers to os.o(i.OS_InitSemaphore) for OS_InitSemaphore
    st7735.o(i.ST7735_InitR) refers to st7735.o(.constdata) for Rcmd1
    st7735.o(i.ST7735_InitR) refers to st7735.o(.data) for ColStart
    st7735.o(i.ST7735_InitR) refers to st7735.o(.bss) for LCDFree
    st7735.o(i.ST7735_InvertDisplay) refers to st7735.o(i.writecommand) for writecommand
    st7735.o(i.ST7735_Message) refers to startup.o(.text) for StartCritical
    st7735.o(i.ST7735_Message) refers to st7735.o(i.ST7735_DrawString) for ST7735_DrawString
    st7735.o(i.ST7735_Message) refers to strlen.o(.text) for strlen
    st7735.o(i.ST7735_Message) refers to st7735.o(i.ST7735_SetCursor) for ST7735_SetCursor
    st7735.o(i.ST7735_Message) refers to st7735.o(i.ST7735_OutUDec) for ST7735_OutUDec
    st7735.o(i.ST7735_OutChar) refers to st7735.o(i.ST7735_DrawString) for ST7735_DrawString
    st7735.o(i.ST7735_OutChar) refers to st7735.o(i.ST7735_DrawCharS) for ST7735_DrawCharS
    st7735.o(i.ST7735_OutChar) refers to st7735.o(.data) for StY
    st7735.o(i.ST7735_OutString) refers to st7735.o(i.ST7735_OutChar) for ST7735_OutChar
    st7735.o(i.ST7735_OutUDec) refers to st7735.o(i.fillmessage) for fillmessage
    st7735.o(i.ST7735_OutUDec) refers to st7735.o(i.ST7735_DrawString) for ST7735_DrawString
    st7735.o(i.ST7735_OutUDec) refers to st7735.o(i.ST7735_DrawCharS) for ST7735_DrawCharS
    st7735.o(i.ST7735_OutUDec) refers to st7735.o(.data) for Messageindex
    st7735.o(i.ST7735_OutUDec) refers to st7735.o(.bss) for Message
    st7735.o(i.ST7735_OutUDec2) refers to st7735.o(i.fillmessage) for fillmessage
    st7735.o(i.ST7735_OutUDec2) refers to st7735.o(i.ST7735_DrawString) for ST7735_DrawString
    st7735.o(i.ST7735_OutUDec2) refers to st7735.o(.data) for Messageindex
    st7735.o(i.ST7735_OutUDec2) refers to st7735.o(.bss) for Message
    st7735.o(i.ST7735_OutUDec4) refers to st7735.o(i.fillmessage4) for fillmessage4
    st7735.o(i.ST7735_OutUDec4) refers to st7735.o(i.ST7735_DrawString) for ST7735_DrawString
    st7735.o(i.ST7735_OutUDec4) refers to st7735.o(i.ST7735_DrawCharS) for ST7735_DrawCharS
    st7735.o(i.ST7735_OutUDec4) refers to st7735.o(.data) for Messageindex
    st7735.o(i.ST7735_OutUDec4) refers to st7735.o(.bss) for Message
    st7735.o(i.ST7735_OutUDec5) refers to st7735.o(i.fillmessage5) for fillmessage5
    st7735.o(i.ST7735_OutUDec5) refers to st7735.o(i.ST7735_DrawString) for ST7735_DrawString
    st7735.o(i.ST7735_OutUDec5) refers to st7735.o(i.ST7735_DrawCharS) for ST7735_DrawCharS
    st7735.o(i.ST7735_OutUDec5) refers to st7735.o(.data) for Messageindex
    st7735.o(i.ST7735_OutUDec5) refers to st7735.o(.bss) for Message
    st7735.o(i.ST7735_PlotBar) refers to st7735.o(i.ST7735_DrawFastVLine) for ST7735_DrawFastVLine
    st7735.o(i.ST7735_PlotBar) refers to st7735.o(.data) for Ymin
    st7735.o(i.ST7735_PlotClear) refers to st7735.o(i.ST7735_Color565) for ST7735_Color565
    st7735.o(i.ST7735_PlotClear) refers to st7735.o(i.ST7735_FillRect) for ST7735_FillRect
    st7735.o(i.ST7735_PlotClear) refers to st7735.o(.data) for Ymax
    st7735.o(i.ST7735_PlotLine) refers to st7735.o(i.ST7735_DrawPixel) for ST7735_DrawPixel
    st7735.o(i.ST7735_PlotLine) refers to st7735.o(.data) for Ymin
    st7735.o(i.ST7735_PlotNext) refers to st7735.o(.data) for X
    st7735.o(i.ST7735_PlotNextErase) refers to st7735.o(i.ST7735_Color565) for ST7735_Color565
    st7735.o(i.ST7735_PlotNextErase) refers to st7735.o(i.ST7735_DrawFastVLine) for ST7735_DrawFastVLine
    st7735.o(i.ST7735_PlotNextErase) refers to st7735.o(.data) for X
    st7735.o(i.ST7735_PlotPoint) refers to st7735.o(i.ST7735_DrawPixel) for ST7735_DrawPixel
    st7735.o(i.ST7735_PlotPoint) refers to st7735.o(.data) for Ymin
    st7735.o(i.ST7735_PlotPoints) refers to st7735.o(i.ST7735_DrawPixel) for ST7735_DrawPixel
    st7735.o(i.ST7735_PlotPoints) refers to st7735.o(.data) for Ymin
    st7735.o(i.ST7735_PlotdBfs) refers to st7735.o(i.ST7735_DrawFastVLine) for ST7735_DrawFastVLine
    st7735.o(i.ST7735_PlotdBfs) refers to st7735.o(.constdata) for dBfs
    st7735.o(i.ST7735_PlotdBfs) refers to st7735.o(.data) for X
    st7735.o(i.ST7735_SetCursor) refers to st7735.o(.data) for StX
    st7735.o(i.ST7735_SetRotation) refers to st7735.o(i.writecommand) for writecommand
    st7735.o(i.ST7735_SetRotation) refers to st7735.o(i.writedata) for writedata
    st7735.o(i.ST7735_SetRotation) refers to st7735.o(.data) for Rotation
    st7735.o(i.ST7735_SetTextColor) refers to st7735.o(.data) for StTextColor
    st7735.o(i.commandList) refers to st7735.o(i.writecommand) for writecommand
    st7735.o(i.commandList) refers to st7735.o(i.writedata) for writedata
    st7735.o(i.commandList) refers to st7735.o(i.Delay1ms) for Delay1ms
    st7735.o(i.commonInit) refers to edisk.o(i.CS_Init) for CS_Init
    st7735.o(i.commonInit) refers to st7735.o(i.Delay1ms) for Delay1ms
    st7735.o(i.commonInit) refers to st7735.o(i.commandList) for commandList
    st7735.o(i.commonInit) refers to st7735.o(.data) for RowStart
    st7735.o(i.fillmessage) refers to st7735.o(.bss) for Message
    st7735.o(i.fillmessage) refers to st7735.o(.data) for Messageindex
    st7735.o(i.fillmessage4) refers to st7735.o(i.fillmessage) for fillmessage
    st7735.o(i.fillmessage4) refers to st7735.o(.data) for Messageindex
    st7735.o(i.fillmessage4) refers to st7735.o(.bss) for Message
    st7735.o(i.fillmessage5) refers to st7735.o(i.fillmessage) for fillmessage
    st7735.o(i.fillmessage5) refers to st7735.o(.data) for Messageindex
    st7735.o(i.fillmessage5) refers to st7735.o(.bss) for Message
    st7735.o(i.pushColor) refers to st7735.o(i.writedata) for writedata
    st7735.o(i.setAddrWindow) refers to st7735.o(i.writecommand) for writecommand
    st7735.o(i.setAddrWindow) refers to st7735.o(i.writedata) for writedata
    st7735.o(i.setAddrWindow) refers to st7735.o(.data) for ColStart
    adcswtrigger.o(i.ADC0_InSeq2) refers to adcswtrigger.o(.data) for UserTask2
    adcswtrigger.o(i.ADC0_InitSWTriggerSeq2) refers to adcswtrigger.o(.data) for UserTask2
    adct0atrigger.o(i.ADC0Seq0_Handler) refers to adct0atrigger.o(.data) for ADCTask
    adct0atrigger.o(i.ADC0Seq3_Handler) refers to adct0atrigger.o(.data) for PD3data
    adct0atrigger.o(i.ADC0_InitTimer0ATriggerSeq0) refers to adct0atrigger.o(i.dummyADC) for dummyADC
    adct0atrigger.o(i.ADC0_InitTimer0ATriggerSeq0) refers to adct0atrigger.o(.data) for ADCTask
    lpf.o(i.Filter) refers to lpf.o(.data) for n
    lpf.o(i.Filter) refers to lpf.o(.bss) for x
    lpf.o(i.LPF_Calc) refers to lpf.o(.data) for I1
    lpf.o(i.LPF_Calc) refers to lpf.o(.bss) for x1
    lpf.o(i.LPF_Calc2) refers to lpf.o(.data) for I2
    lpf.o(i.LPF_Calc2) refers to lpf.o(.bss) for x2
    lpf.o(i.LPF_Calc3) refers to lpf.o(.data) for I3
    lpf.o(i.LPF_Calc3) refers to lpf.o(.bss) for x3
    lpf.o(i.LPF_Calc4) refers to lpf.o(.data) for I4
    lpf.o(i.LPF_Calc4) refers to lpf.o(.bss) for x4
    lpf.o(i.LPF_Calc5) refers to lpf.o(.data) for I5
    lpf.o(i.LPF_Calc5) refers to lpf.o(.bss) for x5
    lpf.o(i.LPF_Calc6) refers to lpf.o(.data) for I6
    lpf.o(i.LPF_Calc6) refers to lpf.o(.bss) for x6
    lpf.o(i.LPF_Calc7) refers to lpf.o(.data) for I7
    lpf.o(i.LPF_Calc7) refers to lpf.o(.bss) for x7
    lpf.o(i.LPF_Init) refers to lpf.o(.data) for Size1
    lpf.o(i.LPF_Init) refers to lpf.o(.bss) for x1
    lpf.o(i.LPF_Init2) refers to lpf.o(.data) for Size2
    lpf.o(i.LPF_Init2) refers to lpf.o(.bss) for x2
    lpf.o(i.LPF_Init3) refers to lpf.o(.data) for Size3
    lpf.o(i.LPF_Init3) refers to lpf.o(.bss) for x3
    lpf.o(i.LPF_Init4) refers to lpf.o(.data) for Size4
    lpf.o(i.LPF_Init4) refers to lpf.o(.bss) for x4
    lpf.o(i.LPF_Init5) refers to lpf.o(.data) for Size5
    lpf.o(i.LPF_Init5) refers to lpf.o(.bss) for x5
    lpf.o(i.LPF_Init6) refers to lpf.o(.data) for Size6
    lpf.o(i.LPF_Init6) refers to lpf.o(.bss) for x6
    lpf.o(i.LPF_Init7) refers to lpf.o(.data) for Size7
    lpf.o(i.LPF_Init7) refers to lpf.o(.bss) for x7
    lpf.o(i.Median) refers to lpf.o(.data) for u2
    lpf.o(i.Noise) refers to lpf.o(i.sqrt2) for sqrt2
    lpf.o(i.Noise) refers to lpf.o(.data) for Size1
    lpf.o(i.Noise) refers to lpf.o(.bss) for x1
    lpf.o(i.Noise2) refers to lpf.o(i.sqrt2) for sqrt2
    lpf.o(i.Noise2) refers to lpf.o(.data) for Size2
    lpf.o(i.Noise2) refers to lpf.o(.bss) for x2
    lpf.o(i.Noise3) refers to lpf.o(i.sqrt2) for sqrt2
    lpf.o(i.Noise3) refers to lpf.o(.data) for Size3
    lpf.o(i.Noise3) refers to lpf.o(.bss) for x3
    lpf.o(i.Noise4) refers to lpf.o(i.sqrt2) for sqrt2
    lpf.o(i.Noise4) refers to lpf.o(.data) for Size4
    lpf.o(i.Noise4) refers to lpf.o(.bss) for x4
    lpf.o(i.Noise5) refers to lpf.o(i.sqrt2) for sqrt2
    lpf.o(i.Noise5) refers to lpf.o(.data) for Size5
    lpf.o(i.Noise5) refers to lpf.o(.bss) for x5
    lpf.o(i.Noise6) refers to lpf.o(i.sqrt2) for sqrt2
    lpf.o(i.Noise6) refers to lpf.o(.data) for Size6
    lpf.o(i.Noise6) refers to lpf.o(.bss) for x6
    lpf.o(i.Noise7) refers to lpf.o(i.sqrt2) for sqrt2
    lpf.o(i.Noise7) refers to lpf.o(.data) for Size7
    lpf.o(i.Noise7) refers to lpf.o(.bss) for x7
    wtimer0a.o(i.WideTimer0A_Handler) refers to wtimer0a.o(.data) for WidePeriodicTask0
    wtimer0a.o(i.WideTimer0A_Init) refers to wtimer0a.o(.data) for WidePeriodicTask0
    edisk.o(i.SSI0_Init) refers to edisk.o(i.CS_Init) for CS_Init
    edisk.o(i.deselect) refers to edisk.o(i.xchg_spi) for xchg_spi
    edisk.o(i.disk_timerproc) refers to edisk.o(.data) for Timer1
    edisk.o(i.eDisk_Init) refers to edisk.o(i.init_spi) for init_spi
    edisk.o(i.eDisk_Init) refers to edisk.o(i.xchg_spi) for xchg_spi
    edisk.o(i.eDisk_Init) refers to edisk.o(i.send_cmd) for send_cmd
    edisk.o(i.eDisk_Init) refers to edisk.o(i.deselect) for deselect
    edisk.o(i.eDisk_Init) refers to edisk.o(.data) for Stat
    edisk.o(i.eDisk_Read) refers to edisk.o(i.send_cmd) for send_cmd
    edisk.o(i.eDisk_Read) refers to edisk.o(i.rcvr_datablock) for rcvr_datablock
    edisk.o(i.eDisk_Read) refers to edisk.o(i.deselect) for deselect
    edisk.o(i.eDisk_Read) refers to edisk.o(.data) for Stat
    edisk.o(i.eDisk_ReadBlock) refers to edisk.o(i.eDisk_Read) for eDisk_Read
    edisk.o(i.eDisk_Status) refers to edisk.o(.data) for Stat
    edisk.o(i.eDisk_Write) refers to edisk.o(i.send_cmd) for send_cmd
    edisk.o(i.eDisk_Write) refers to edisk.o(i.xmit_datablock) for xmit_datablock
    edisk.o(i.eDisk_Write) refers to edisk.o(i.deselect) for deselect
    edisk.o(i.eDisk_Write) refers to edisk.o(.data) for Stat
    edisk.o(i.eDisk_WriteBlock) refers to edisk.o(i.eDisk_Write) for eDisk_Write
    edisk.o(i.init_spi) refers to edisk.o(i.SSI0_Init) for SSI0_Init
    edisk.o(i.init_spi) refers to edisk.o(.data) for Timer1
    edisk.o(i.rcvr_datablock) refers to edisk.o(i.xchg_spi) for xchg_spi
    edisk.o(i.rcvr_datablock) refers to edisk.o(i.rcvr_spi_multi) for rcvr_spi_multi
    edisk.o(i.rcvr_datablock) refers to edisk.o(.data) for Timer1
    edisk.o(i.rcvr_spi_multi) refers to edisk.o(i.rcvr_spi) for rcvr_spi
    edisk.o(i.select) refers to edisk.o(i.xchg_spi) for xchg_spi
    edisk.o(i.select) refers to edisk.o(i.wait_ready) for wait_ready
    edisk.o(i.select) refers to edisk.o(i.deselect) for deselect
    edisk.o(i.send_cmd) refers to edisk.o(i.deselect) for deselect
    edisk.o(i.send_cmd) refers to edisk.o(i.select) for select
    edisk.o(i.send_cmd) refers to edisk.o(i.xchg_spi) for xchg_spi
    edisk.o(i.wait_ready) refers to edisk.o(i.xchg_spi) for xchg_spi
    edisk.o(i.wait_ready) refers to edisk.o(.data) for Timer2
    edisk.o(i.xmit_datablock) refers to edisk.o(i.wait_ready) for wait_ready
    edisk.o(i.xmit_datablock) refers to edisk.o(i.xchg_spi) for xchg_spi
    edisk.o(i.xmit_datablock) refers to edisk.o(i.xmit_spi_multi) for xmit_spi_multi
    pid_stm32.o(.text) refers to lab3.o(.data) for IntTerm
    osasm.o(.text) refers to os.o(.data) for RunPt
    uart0int.o(i.Fixed_Fix2Str) refers to strcpy.o(.text) for strcpy
    uart0int.o(i.RxFifo_Get) refers to uart0int.o(.data) for RxPutI
    uart0int.o(i.RxFifo_Get) refers to uart0int.o(.bss) for RxFifo
    uart0int.o(i.RxFifo_Init) refers to uart0int.o(.data) for RxGetI
    uart0int.o(i.RxFifo_Put) refers to uart0int.o(.data) for RxPutI
    uart0int.o(i.RxFifo_Put) refers to uart0int.o(.bss) for RxFifo
    uart0int.o(i.RxFifo_Size) refers to uart0int.o(.data) for RxPutI
    uart0int.o(i.TxFifo_Get) refers to uart0int.o(.data) for TxPutI
    uart0int.o(i.TxFifo_Get) refers to uart0int.o(.bss) for TxFifo
    uart0int.o(i.TxFifo_Init) refers to uart0int.o(.data) for TxGetI
    uart0int.o(i.TxFifo_Put) refers to uart0int.o(.data) for TxPutI
    uart0int.o(i.TxFifo_Put) refers to uart0int.o(.bss) for TxFifo
    uart0int.o(i.TxFifo_Size) refers to uart0int.o(.data) for TxPutI
    uart0int.o(i.UART0_Handler) refers to uart0int.o(i.copySoftwareToHardware) for copySoftwareToHardware
    uart0int.o(i.UART0_Handler) refers to uart0int.o(i.TxFifo_Size) for TxFifo_Size
    uart0int.o(i.UART0_Handler) refers to uart0int.o(i.copyHardwareToSoftware) for copyHardwareToSoftware
    uart0int.o(i.UART_Fix2) refers to uart0int.o(i.Fixed_Fix2Str) for Fixed_Fix2Str
    uart0int.o(i.UART_Fix2) refers to uart0int.o(i.UART_OutString) for UART_OutString
    uart0int.o(i.UART_InChar) refers to uart0int.o(i.RxFifo_Get) for RxFifo_Get
    uart0int.o(i.UART_InCharNonBlock) refers to uart0int.o(i.RxFifo_Get) for RxFifo_Get
    uart0int.o(i.UART_InString) refers to uart0int.o(i.UART_InChar) for UART_InChar
    uart0int.o(i.UART_InString) refers to uart0int.o(i.UART_OutChar) for UART_OutChar
    uart0int.o(i.UART_InUDec) refers to uart0int.o(i.UART_InChar) for UART_InChar
    uart0int.o(i.UART_InUDec) refers to uart0int.o(i.UART_OutChar) for UART_OutChar
    uart0int.o(i.UART_InUHex) refers to uart0int.o(i.UART_InChar) for UART_InChar
    uart0int.o(i.UART_InUHex) refers to uart0int.o(i.UART_OutChar) for UART_OutChar
    uart0int.o(i.UART_Init) refers to uart0int.o(i.RxFifo_Init) for RxFifo_Init
    uart0int.o(i.UART_Init) refers to uart0int.o(i.TxFifo_Init) for TxFifo_Init
    uart0int.o(i.UART_OutChar) refers to uart0int.o(i.TxFifo_Put) for TxFifo_Put
    uart0int.o(i.UART_OutChar) refers to uart0int.o(i.copySoftwareToHardware) for copySoftwareToHardware
    uart0int.o(i.UART_OutCharNonBlock) refers to uart0int.o(i.TxFifo_Put) for TxFifo_Put
    uart0int.o(i.UART_OutCharNonBlock) refers to uart0int.o(i.copySoftwareToHardware) for copySoftwareToHardware
    uart0int.o(i.UART_OutSDec) refers to uart0int.o(i.UART_OutChar) for UART_OutChar
    uart0int.o(i.UART_OutSDec) refers to uart0int.o(i.UART_OutUDec) for UART_OutUDec
    uart0int.o(i.UART_OutString) refers to uart0int.o(i.UART_OutChar) for UART_OutChar
    uart0int.o(i.UART_OutUDec) refers to uart0int.o(i.UART_OutChar) for UART_OutChar
    uart0int.o(i.UART_OutUHex) refers to uart0int.o(i.UART_OutChar) for UART_OutChar
    uart0int.o(i.copyHardwareToSoftware) refers to uart0int.o(i.RxFifo_Put) for RxFifo_Put
    uart0int.o(i.copyHardwareToSoftware) refers to uart0int.o(i.RxFifo_Size) for RxFifo_Size
    uart0int.o(i.copySoftwareToHardware) refers to uart0int.o(i.TxFifo_Get) for TxFifo_Get
    uart0int.o(i.copySoftwareToHardware) refers to uart0int.o(i.TxFifo_Size) for TxFifo_Size
    irdistance.o(i.IRDistance_Convert) refers to irdistance.o(.constdata) for IRmax
    lab3.o(i.BackgroundThread1d) refers to os.o(i.OS_Signal) for OS_Signal
    lab3.o(i.BackgroundThread1d) refers to lab3.o(.data) for Count1
    lab3.o(i.BackgroundThread1d) refers to lab3.o(.bss) for Readyd
    lab3.o(i.BackgroundThread1e) refers to os.o(i.OS_bSignal) for OS_bSignal
    lab3.o(i.BackgroundThread1e) refers to lab3.o(.data) for i
    lab3.o(i.BackgroundThread1e) refers to lab3.o(.bss) for Readye
    lab3.o(i.BackgroundThread5d) refers to os.o(i.OS_AddThread) for OS_AddThread
    lab3.o(i.BackgroundThread5d) refers to lab3.o(i.Thread4d) for Thread4d
    lab3.o(i.BackgroundThread5d) refers to lab3.o(.data) for NumCreated
    lab3.o(i.BackgroundThread5e) refers to os.o(i.OS_AddThread) for OS_AddThread
    lab3.o(i.BackgroundThread5e) refers to lab3.o(i.Thread4e) for Thread4e
    lab3.o(i.BackgroundThread5e) refers to lab3.o(.data) for NumCreated
    lab3.o(i.BackgroundThreadFIFOProducer) refers to os.o(i.OS_Fifo_Put) for OS_Fifo_Put
    lab3.o(i.BackgroundThreadFIFOProducer) refers to lab3.o(.data) for Count1
    lab3.o(i.ButtonWork) refers to os.o(i.OS_Id) for OS_Id
    lab3.o(i.ButtonWork) refers to st7735.o(i.ST7735_Message) for ST7735_Message
    lab3.o(i.ButtonWork) refers to os.o(i.OS_Sleep) for OS_Sleep
    lab3.o(i.ButtonWork) refers to os.o(i.OS_Kill) for OS_Kill
    lab3.o(i.ButtonWork) refers to lab3.o(.data) for NumCreated
    lab3.o(i.ButtonWork) refers to os.o(.data) for MaxJitter
    lab3.o(i.Consumer) refers to adct0atrigger.o(i.ADC0_InitTimer0ATriggerSeq0) for ADC0_InitTimer0ATriggerSeq0
    lab3.o(i.Consumer) refers to os.o(i.OS_AddThread) for OS_AddThread
    lab3.o(i.Consumer) refers to os.o(i.OS_Fifo_Get) for OS_Fifo_Get
    lab3.o(i.Consumer) refers to cr4_fft_64_stm32.o(.text) for cr4_fft_64_stm32
    lab3.o(i.Consumer) refers to os.o(i.OS_MailBox_Send) for OS_MailBox_Send
    lab3.o(i.Consumer) refers to os.o(i.OS_Kill) for OS_Kill
    lab3.o(i.Consumer) refers to lab3.o(i.Producer) for Producer
    lab3.o(i.Consumer) refers to lab3.o(i.Display) for Display
    lab3.o(i.Consumer) refers to lab3.o(.data) for NumCreated
    lab3.o(i.Consumer) refers to lab3.o(.bss) for x
    lab3.o(i.ConsumerThreadFIFO) refers to os.o(i.OS_Fifo_Get) for OS_Fifo_Get
    lab3.o(i.ConsumerThreadFIFO) refers to lab3.o(.data) for Count2
    lab3.o(i.DAS) refers to adc.o(i.ADC_In) for ADC_In
    lab3.o(i.DAS) refers to lpf.o(i.Filter) for Filter
    lab3.o(i.DAS) refers to lab3.o(.data) for NumSamples
    lab3.o(i.Display) refers to os.o(i.OS_Id) for OS_Id
    lab3.o(i.Display) refers to st7735.o(i.ST7735_Message) for ST7735_Message
    lab3.o(i.Display) refers to os.o(i.OS_MailBox_Recv) for OS_MailBox_Recv
    lab3.o(i.Display) refers to irdistance.o(i.IRDistance_Convert) for IRDistance_Convert
    lab3.o(i.Display) refers to os.o(i.OS_Kill) for OS_Kill
    lab3.o(i.Display) refers to lab3.o(.data) for NumSamples
    lab3.o(i.FillerThreadFIFO) refers to lab3.o(.data) for Count3
    lab3.o(i.Idle) refers to startup.o(.text) for WaitForInterrupt
    lab3.o(i.Idle) refers to lab3.o(.data) for IdleCount
    lab3.o(i.OutputThread) refers to uart0int.o(i.UART_OutString) for UART_OutString
    lab3.o(i.OutputThread) refers to os.o(i.OS_Sleep) for OS_Sleep
    lab3.o(i.OutputThread) refers to uart0int.o(i.UART_OutUDec) for UART_OutUDec
    lab3.o(i.OutputThread) refers to os.o(i.OS_Kill) for OS_Kill
    lab3.o(i.OutputThread) refers to lab3.o(.data) for SignalCount1
    lab3.o(i.PID) refers to pid_stm32.o(.text) for PID_stm32
    lab3.o(i.PID) refers to lab3.o(.data) for Coeff
    lab3.o(i.Producer) refers to os.o(i.OS_Fifo_Put) for OS_Fifo_Put
    lab3.o(i.Producer) refers to lab3.o(.data) for NumSamples
    lab3.o(i.PseudoWork) refers to os.o(i.OS_Time) for OS_Time
    lab3.o(i.PseudoWork) refers to os.o(i.OS_TimeDifference) for OS_TimeDifference
    lab3.o(i.SW1Push) refers to os.o(i.OS_MsTime) for OS_MsTime
    lab3.o(i.SW1Push) refers to os.o(i.OS_AddThread) for OS_AddThread
    lab3.o(i.SW1Push) refers to os.o(i.OS_ClearMsTime) for OS_ClearMsTime
    lab3.o(i.SW1Push) refers to lab3.o(i.ButtonWork) for ButtonWork
    lab3.o(i.SW1Push) refers to lab3.o(.data) for NumCreated
    lab3.o(i.SW2Push) refers to os.o(i.OS_MsTime) for OS_MsTime
    lab3.o(i.SW2Push) refers to os.o(i.OS_AddThread) for OS_AddThread
    lab3.o(i.SW2Push) refers to os.o(i.OS_ClearMsTime) for OS_ClearMsTime
    lab3.o(i.SW2Push) refers to lab3.o(i.ButtonWork) for ButtonWork
    lab3.o(i.SW2Push) refers to lab3.o(.data) for NumCreated
    lab3.o(i.Signal1) refers to os.o(i.OS_Signal) for OS_Signal
    lab3.o(i.Signal1) refers to lab3.o(.data) for SignalCount1
    lab3.o(i.Signal1) refers to lab3.o(.bss) for s
    lab3.o(i.Signal2) refers to os.o(i.OS_Signal) for OS_Signal
    lab3.o(i.Signal2) refers to lab3.o(.data) for SignalCount2
    lab3.o(i.Signal2) refers to lab3.o(.bss) for s
    lab3.o(i.Signal3) refers to os.o(i.OS_Signal) for OS_Signal
    lab3.o(i.Signal3) refers to os.o(i.OS_Kill) for OS_Kill
    lab3.o(i.Signal3) refers to lab3.o(.bss) for s
    lab3.o(i.Signal3) refers to lab3.o(.data) for SignalCount3
    lab3.o(i.TaskA) refers to lab3.o(i.PseudoWork) for PseudoWork
    lab3.o(i.TaskA) refers to lab3.o(.data) for CountA
    lab3.o(i.TaskB) refers to lab3.o(i.PseudoWork) for PseudoWork
    lab3.o(i.TaskB) refers to lab3.o(.data) for CountB
    lab3.o(i.Testmain1) refers to os.o(i.OS_Init) for OS_Init
    lab3.o(i.Testmain1) refers to lab3.o(i.PortD_Init) for PortD_Init
    lab3.o(i.Testmain1) refers to os.o(i.OS_AddThread) for OS_AddThread
    lab3.o(i.Testmain1) refers to os.o(i.OS_Launch) for OS_Launch
    lab3.o(i.Testmain1) refers to lab3.o(.data) for NumCreated
    lab3.o(i.Testmain1) refers to lab3.o(i.Thread1) for Thread1
    lab3.o(i.Testmain1) refers to lab3.o(i.Thread2) for Thread2
    lab3.o(i.Testmain1) refers to lab3.o(i.Thread3) for Thread3
    lab3.o(i.Testmain2) refers to os.o(i.OS_Init) for OS_Init
    lab3.o(i.Testmain2) refers to lab3.o(i.PortD_Init) for PortD_Init
    lab3.o(i.Testmain2) refers to os.o(i.OS_AddThread) for OS_AddThread
    lab3.o(i.Testmain2) refers to os.o(i.OS_Launch) for OS_Launch
    lab3.o(i.Testmain2) refers to lab3.o(.data) for NumCreated
    lab3.o(i.Testmain2) refers to lab3.o(i.Thread1b) for Thread1b
    lab3.o(i.Testmain2) refers to lab3.o(i.Thread2b) for Thread2b
    lab3.o(i.Testmain2) refers to lab3.o(i.Thread3b) for Thread3b
    lab3.o(i.Testmain3) refers to os.o(i.OS_Init) for OS_Init
    lab3.o(i.Testmain3) refers to lab3.o(i.PortD_Init) for PortD_Init
    lab3.o(i.Testmain3) refers to os.o(i.OS_AddThread) for OS_AddThread
    lab3.o(i.Testmain3) refers to os.o(i.OS_Launch) for OS_Launch
    lab3.o(i.Testmain3) refers to lab3.o(.data) for NumCreated
    lab3.o(i.Testmain3) refers to lab3.o(i.Thread2c) for Thread2c
    lab3.o(i.Testmain3) refers to lab3.o(i.Thread3c) for Thread3c
    lab3.o(i.Testmain4) refers to os.o(i.OS_Init) for OS_Init
    lab3.o(i.Testmain4) refers to os.o(i.OS_AddSW1Task) for OS_AddSW1Task
    lab3.o(i.Testmain4) refers to os.o(i.OS_AddThread) for OS_AddThread
    lab3.o(i.Testmain4) refers to os.o(i.OS_Launch) for OS_Launch
    lab3.o(i.Testmain4) refers to lab3.o(.data) for Count4
    lab3.o(i.Testmain4) refers to lab3.o(i.BackgroundThread5d) for BackgroundThread5d
    lab3.o(i.Testmain4) refers to lab3.o(i.Thread2d) for Thread2d
    lab3.o(i.Testmain4) refers to lab3.o(i.Thread3d) for Thread3d
    lab3.o(i.Testmain4) refers to lab3.o(i.Thread4d) for Thread4d
    lab3.o(i.Testmain5) refers to os.o(i.OS_Init) for OS_Init
    lab3.o(i.Testmain5) refers to os.o(i.OS_AddPeriodicThread) for OS_AddPeriodicThread
    lab3.o(i.Testmain5) refers to os.o(i.OS_AddSW1Task) for OS_AddSW1Task
    lab3.o(i.Testmain5) refers to os.o(i.OS_AddThread) for OS_AddThread
    lab3.o(i.Testmain5) refers to os.o(i.OS_Launch) for OS_Launch
    lab3.o(i.Testmain5) refers to lab3.o(.data) for Count4
    lab3.o(i.Testmain5) refers to lab3.o(i.BackgroundThread1e) for BackgroundThread1e
    lab3.o(i.Testmain5) refers to lab3.o(i.BackgroundThread5e) for BackgroundThread5e
    lab3.o(i.Testmain5) refers to lab3.o(i.Thread2e) for Thread2e
    lab3.o(i.Testmain5) refers to lab3.o(i.Thread3e) for Thread3e
    lab3.o(i.Testmain5) refers to lab3.o(i.Thread4e) for Thread4e
    lab3.o(i.Testmain6) refers to lab3.o(i.PortD_Init) for PortD_Init
    lab3.o(i.Testmain6) refers to os.o(i.OS_Init) for OS_Init
    lab3.o(i.Testmain6) refers to os.o(i.OS_AddThread) for OS_AddThread
    lab3.o(i.Testmain6) refers to os.o(i.OS_AddPeriodicThread) for OS_AddPeriodicThread
    lab3.o(i.Testmain6) refers to os.o(i.OS_Launch) for OS_Launch
    lab3.o(i.Testmain6) refers to lab3.o(.data) for NumCreated
    lab3.o(i.Testmain6) refers to lab3.o(i.Thread7) for Thread7
    lab3.o(i.Testmain6) refers to lab3.o(i.Thread6) for Thread6
    lab3.o(i.Testmain6) refers to lab3.o(i.TaskA) for TaskA
    lab3.o(i.Testmain6) refers to lab3.o(i.TaskB) for TaskB
    lab3.o(i.Testmain7) refers to os.o(i.OS_Init) for OS_Init
    lab3.o(i.Testmain7) refers to lab3.o(i.add) for add
    lab3.o(i.Testmain7) refers to lab3.o(i.PortD_Init) for PortD_Init
    lab3.o(i.Testmain7) refers to os.o(i.OS_InitSemaphore) for OS_InitSemaphore
    lab3.o(i.Testmain7) refers to os.o(i.OS_AddPeriodicThread) for OS_AddPeriodicThread
    lab3.o(i.Testmain7) refers to os.o(i.OS_AddThread) for OS_AddThread
    lab3.o(i.Testmain7) refers to os.o(i.OS_Launch) for OS_Launch
    lab3.o(i.Testmain7) refers to lab3.o(.data) for SignalCount1
    lab3.o(i.Testmain7) refers to lab3.o(.bss) for s
    lab3.o(i.Testmain7) refers to lab3.o(i.Signal1) for Signal1
    lab3.o(i.Testmain7) refers to lab3.o(i.Signal2) for Signal2
    lab3.o(i.Testmain7) refers to lab3.o(i.OutputThread) for OutputThread
    lab3.o(i.Testmain7) refers to lab3.o(i.Signal3) for Signal3
    lab3.o(i.Testmain7) refers to lab3.o(i.Wait1) for Wait1
    lab3.o(i.Testmain7) refers to lab3.o(i.Wait2) for Wait2
    lab3.o(i.Testmain7) refers to lab3.o(i.Wait3) for Wait3
    lab3.o(i.Testmain7) refers to lab3.o(i.Thread6) for Thread6
    lab3.o(i.TestmainCS) refers to lab3.o(i.PortD_Init) for PortD_Init
    lab3.o(i.TestmainCS) refers to os.o(i.OS_Init) for OS_Init
    lab3.o(i.TestmainCS) refers to os.o(i.OS_AddThread) for OS_AddThread
    lab3.o(i.TestmainCS) refers to os.o(i.OS_Launch) for OS_Launch
    lab3.o(i.TestmainCS) refers to lab3.o(.data) for NumCreated
    lab3.o(i.TestmainCS) refers to lab3.o(i.ThreadCS) for ThreadCS
    lab3.o(i.TestmainFIFO) refers to os.o(i.OS_Init) for OS_Init
    lab3.o(i.TestmainFIFO) refers to os.o(i.OS_AddPeriodicThread) for OS_AddPeriodicThread
    lab3.o(i.TestmainFIFO) refers to os.o(i.OS_Fifo_Init) for OS_Fifo_Init
    lab3.o(i.TestmainFIFO) refers to os.o(i.OS_AddThread) for OS_AddThread
    lab3.o(i.TestmainFIFO) refers to os.o(i.OS_Launch) for OS_Launch
    lab3.o(i.TestmainFIFO) refers to lab3.o(.data) for Count1
    lab3.o(i.TestmainFIFO) refers to lab3.o(i.BackgroundThreadFIFOProducer) for BackgroundThreadFIFOProducer
    lab3.o(i.TestmainFIFO) refers to lab3.o(i.ConsumerThreadFIFO) for ConsumerThreadFIFO
    lab3.o(i.TestmainFIFO) refers to lab3.o(i.FillerThreadFIFO) for FillerThreadFIFO
    lab3.o(i.Thread1) refers to os.o(i.OS_Suspend) for OS_Suspend
    lab3.o(i.Thread1) refers to lab3.o(.data) for Count1
    lab3.o(i.Thread1b) refers to lab3.o(.data) for Count1
    lab3.o(i.Thread1c) refers to os.o(i.OS_Kill) for OS_Kill
    lab3.o(i.Thread1c) refers to lab3.o(.data) for Count1
    lab3.o(i.Thread2) refers to os.o(i.OS_Suspend) for OS_Suspend
    lab3.o(i.Thread2) refers to lab3.o(.data) for Count2
    lab3.o(i.Thread2b) refers to lab3.o(.data) for Count2
    lab3.o(i.Thread2c) refers to os.o(i.OS_AddThread) for OS_AddThread
    lab3.o(i.Thread2c) refers to os.o(i.OS_Sleep) for OS_Sleep
    lab3.o(i.Thread2c) refers to lab3.o(.data) for Count2
    lab3.o(i.Thread2c) refers to lab3.o(i.Thread1c) for Thread1c
    lab3.o(i.Thread2d) refers to os.o(i.OS_InitSemaphore) for OS_InitSemaphore
    lab3.o(i.Thread2d) refers to os.o(i.OS_AddThread) for OS_AddThread
    lab3.o(i.Thread2d) refers to os.o(i.OS_AddPeriodicThread) for OS_AddPeriodicThread
    lab3.o(i.Thread2d) refers to os.o(i.OS_Wait) for OS_Wait
    lab3.o(i.Thread2d) refers to lab3.o(.bss) for Readyd
    lab3.o(i.Thread2d) refers to lab3.o(.data) for Count1
    lab3.o(i.Thread2d) refers to lab3.o(i.Thread5d) for Thread5d
    lab3.o(i.Thread2d) refers to lab3.o(i.BackgroundThread1d) for BackgroundThread1d
    lab3.o(i.Thread2e) refers to os.o(i.OS_InitSemaphore) for OS_InitSemaphore
    lab3.o(i.Thread2e) refers to os.o(i.OS_bWait) for OS_bWait
    lab3.o(i.Thread2e) refers to lab3.o(.bss) for Readye
    lab3.o(i.Thread2e) refers to lab3.o(.data) for Count1
    lab3.o(i.Thread3) refers to os.o(i.OS_Suspend) for OS_Suspend
    lab3.o(i.Thread3) refers to lab3.o(.data) for Count3
    lab3.o(i.Thread3b) refers to lab3.o(.data) for Count3
    lab3.o(i.Thread3c) refers to lab3.o(.data) for Count3
    lab3.o(i.Thread3d) refers to lab3.o(.data) for Count3
    lab3.o(i.Thread3e) refers to lab3.o(.data) for Count3
    lab3.o(i.Thread4d) refers to os.o(i.OS_Sleep) for OS_Sleep
    lab3.o(i.Thread4d) refers to os.o(i.OS_Kill) for OS_Kill
    lab3.o(i.Thread4d) refers to lab3.o(.data) for Count4
    lab3.o(i.Thread4e) refers to os.o(i.OS_Sleep) for OS_Sleep
    lab3.o(i.Thread4e) refers to os.o(i.OS_Kill) for OS_Kill
    lab3.o(i.Thread4e) refers to lab3.o(.data) for Count4
    lab3.o(i.Thread5d) refers to os.o(i.OS_Wait) for OS_Wait
    lab3.o(i.Thread5d) refers to lab3.o(.bss) for Readyd
    lab3.o(i.Thread5d) refers to lab3.o(.data) for Count5
    lab3.o(i.Thread6) refers to lab3.o(.data) for Count1
    lab3.o(i.Thread7) refers to uart0int.o(i.UART_OutString) for UART_OutString
    lab3.o(i.Thread7) refers to os.o(i.OS_Sleep) for OS_Sleep
    lab3.o(i.Thread7) refers to interpreter.o(i.Jitter) for Jitter
    lab3.o(i.Thread7) refers to os.o(i.OS_Kill) for OS_Kill
    lab3.o(i.Thread7) refers to os.o(.bss) for JitterHistogram
    lab3.o(i.Thread7) refers to os.o(.constdata) for JitterSize
    lab3.o(i.Thread7) refers to os.o(.data) for MaxJitter
    lab3.o(i.Wait1) refers to os.o(i.OS_Wait) for OS_Wait
    lab3.o(i.Wait1) refers to lab3.o(.bss) for s
    lab3.o(i.Wait1) refers to lab3.o(.data) for WaitCount1
    lab3.o(i.Wait2) refers to os.o(i.OS_Wait) for OS_Wait
    lab3.o(i.Wait2) refers to lab3.o(.bss) for s
    lab3.o(i.Wait2) refers to lab3.o(.data) for WaitCount2
    lab3.o(i.Wait3) refers to os.o(i.OS_Wait) for OS_Wait
    lab3.o(i.Wait3) refers to lab3.o(.bss) for s
    lab3.o(i.Wait3) refers to lab3.o(.data) for WaitCount3
    lab3.o(i.add) refers to lab3.o(.data) for result
    lab3.o(i.main) refers to lab3.o(i.realmain) for realmain
    lab3.o(i.realmain) refers to os.o(i.OS_Init) for OS_Init
    lab3.o(i.realmain) refers to lab3.o(i.PortD_Init) for PortD_Init
    lab3.o(i.realmain) refers to os.o(i.OS_MailBox_Init) for OS_MailBox_Init
    lab3.o(i.realmain) refers to os.o(i.OS_Fifo_Init) for OS_Fifo_Init
    lab3.o(i.realmain) refers to adc.o(i.ADC_Init) for ADC_Init
    lab3.o(i.realmain) refers to os.o(i.OS_AddSW1Task) for OS_AddSW1Task
    lab3.o(i.realmain) refers to os.o(i.OS_AddSW2Task) for OS_AddSW2Task
    lab3.o(i.realmain) refers to os.o(i.OS_AddPeriodicThread) for OS_AddPeriodicThread
    lab3.o(i.realmain) refers to os.o(i.OS_AddThread) for OS_AddThread
    lab3.o(i.realmain) refers to os.o(i.OS_Launch) for OS_Launch
    lab3.o(i.realmain) refers to os.o(.data) for MaxJitter
    lab3.o(i.realmain) refers to lab3.o(.data) for DataLost
    lab3.o(i.realmain) refers to lab3.o(i.SW1Push) for SW1Push
    lab3.o(i.realmain) refers to lab3.o(i.SW2Push) for SW2Push
    lab3.o(i.realmain) refers to lab3.o(i.DAS) for DAS
    lab3.o(i.realmain) refers to lab3.o(i.PID) for PID
    lab3.o(i.realmain) refers to lab3.o(i.Consumer) for Consumer
    lab3.o(i.realmain) refers to interpreter.o(i.Interpreter) for Interpreter
    lab3.o(i.realmain) refers to lab3.o(i.Idle) for Idle
    timer1a.o(i.Timer1A_Handler) refers to timer1a.o(.data) for PeriodicTask1
    timer1a.o(i.Timer1A_Init) refers to timer1a.o(.data) for PeriodicTask1
    entry.o(.ARM.Collect$$$$00000000) refers (Special) to entry10a.o(.ARM.Collect$$$$0000000D) for __rt_final_cpp
    entry.o(.ARM.Collect$$$$00000000) refers (Special) to entry11a.o(.ARM.Collect$$$$0000000F) for __rt_final_exit
    entry.o(.ARM.Collect$$$$00000000) refers (Special) to entry7b.o(.ARM.Collect$$$$00000008) for _main_clock
    entry.o(.ARM.Collect$$$$00000000) refers (Special) to entry8b.o(.ARM.Collect$$$$0000000A) for _main_cpp_init
    entry.o(.ARM.Collect$$$$00000000) refers (Special) to entry9a.o(.ARM.Collect$$$$0000000B) for _main_init
    entry.o(.ARM.Collect$$$$00000000) refers (Special) to entry5.o(.ARM.Collect$$$$00000004) for _main_scatterload
    entry.o(.ARM.Collect$$$$00000000) refers (Special) to entry2.o(.ARM.Collect$$$$00000001) for _main_stk
    entry2.o(.ARM.Collect$$$$00000001) refers to entry2.o(.ARM.Collect$$$$00002712) for __lit__00000000
    entry2.o(.ARM.Collect$$$$00002712) refers to startup.o(STACK) for __initial_sp
    entry2.o(__vectab_stack_and_reset_area) refers to startup.o(STACK) for __initial_sp
    entry2.o(__vectab_stack_and_reset_area) refers to entry.o(.ARM.Collect$$$$00000000) for __main
    entry5.o(.ARM.Collect$$$$00000004) refers to init.o(.text) for __scatterload
    entry9a.o(.ARM.Collect$$$$0000000B) refers to lab3.o(i.main) for main
    entry9b.o(.ARM.Collect$$$$0000000C) refers to lab3.o(i.main) for main
    init.o(.text) refers to entry5.o(.ARM.Collect$$$$00000004) for __main_after_scatterload


==============================================================================

Removing Unused input sections from the image.

    Removing startup.o(HEAP), (0 bytes).
    Removing os.o(i.OS_EndRedirectToFile), (4 bytes).
    Removing os.o(i.OS_Fifo_Size), (4 bytes).
    Removing os.o(i.OS_LockScheduler), (4 bytes).
    Removing os.o(i.OS_RedirectToFile), (6 bytes).
    Removing os.o(i.OS_RedirectToST7735), (4 bytes).
    Removing os.o(i.OS_RedirectToUART), (4 bytes).
    Removing os.o(i.OS_Time), (36 bytes).
    Removing os.o(i.OS_TimeDifference), (6 bytes).
    Removing os.o(i.OS_UnLockScheduler), (2 bytes).
    Removing os.o(i.fgetc), (20 bytes).
    Removing os.o(i.fputc), (16 bytes).
    Removing os.o(i.osFifo_Size), (24 bytes).
    Removing os.o(.constdata), (4 bytes).
    Removing interpreter.o(i.Jitter), (2 bytes).
    Removing launchpad.o(i.DelayMs), (32 bytes).
    Removing launchpad.o(i.LaunchPad_Init), (92 bytes).
    Removing launchpad.o(i.LaunchPad_Input), (24 bytes).
    Removing launchpad.o(i.LaunchPad_Output), (12 bytes).
    Removing launchpad.o(i.LaunchPad_WaitForRelease), (56 bytes).
    Removing launchpad.o(i.LaunchPad_WaitForTouch), (32 bytes).
    Removing st7735.o(i.ST7735_Color565), (24 bytes).
    Removing st7735.o(i.ST7735_DrawBitmap), (288 bytes).
    Removing st7735.o(i.ST7735_DrawChar), (272 bytes).
    Removing st7735.o(i.ST7735_DrawCircle), (168 bytes).
    Removing st7735.o(i.ST7735_DrawFastHLine), (124 bytes).
    Removing st7735.o(i.ST7735_DrawFastVLine), (124 bytes).
    Removing st7735.o(i.ST7735_DrawSmallCircle), (168 bytes).
    Removing st7735.o(i.ST7735_InitB), (52 bytes).
    Removing st7735.o(i.ST7735_InvertDisplay), (22 bytes).
    Removing st7735.o(i.ST7735_OutChar), (212 bytes).
    Removing st7735.o(i.ST7735_OutString), (24 bytes).
    Removing st7735.o(i.ST7735_OutUDec2), (80 bytes).
    Removing st7735.o(i.ST7735_OutUDec4), (140 bytes).
    Removing st7735.o(i.ST7735_OutUDec5), (140 bytes).
    Removing st7735.o(i.ST7735_PlotBar), (88 bytes).
    Removing st7735.o(i.ST7735_PlotClear), (92 bytes).
    Removing st7735.o(i.ST7735_PlotLine), (264 bytes).
    Removing st7735.o(i.ST7735_PlotNext), (32 bytes).
    Removing st7735.o(i.ST7735_PlotNextErase), (64 bytes).
    Removing st7735.o(i.ST7735_PlotPoint), (152 bytes).
    Removing st7735.o(i.ST7735_PlotPoints), (172 bytes).
    Removing st7735.o(i.ST7735_PlotdBfs), (60 bytes).
    Removing st7735.o(i.ST7735_SetRotation), (212 bytes).
    Removing st7735.o(i.ST7735_SetTextColor), (12 bytes).
    Removing st7735.o(i.ST7735_SwapColor), (18 bytes).
    Removing st7735.o(i.fillmessage4), (100 bytes).
    Removing st7735.o(i.fillmessage5), (128 bytes).
    Removing adcswtrigger.o(i.ADC0_InSeq2), (80 bytes).
    Removing adcswtrigger.o(i.ADC0_InSeq3), (44 bytes).
    Removing adcswtrigger.o(i.ADC0_InSeq3_InternalTemperature), (64 bytes).
    Removing adcswtrigger.o(i.ADC0_InitSWTriggerSeq2), (224 bytes).
    Removing adcswtrigger.o(i.ADC0_InitSWTriggerSeq3), (1016 bytes).
    Removing adcswtrigger.o(i.ADC0_InitSWTriggerSeq3_Ch7), (248 bytes).
    Removing adcswtrigger.o(i.ADC0_InitSWTriggerSeq3_Ch9), (248 bytes).
    Removing adcswtrigger.o(i.ADC0_InitSWTriggerSeq3_InternalTemperature), (128 bytes).
    Removing adcswtrigger.o(i.ADC_In3210), (80 bytes).
    Removing adcswtrigger.o(i.ADC_In89), (56 bytes).
    Removing adcswtrigger.o(i.ADC_Init3210), (248 bytes).
    Removing adcswtrigger.o(i.ADC_Init89), (220 bytes).
    Removing adcswtrigger.o(.data), (4 bytes).
    Removing adct0atrigger.o(i.ADC0_InitTimer0ATriggerSeq3PD3), (296 bytes).
    Removing lpf.o(i.LPF_Calc), (92 bytes).
    Removing lpf.o(i.LPF_Calc2), (92 bytes).
    Removing lpf.o(i.LPF_Calc3), (92 bytes).
    Removing lpf.o(i.LPF_Calc4), (92 bytes).
    Removing lpf.o(i.LPF_Calc5), (92 bytes).
    Removing lpf.o(i.LPF_Calc6), (92 bytes).
    Removing lpf.o(i.LPF_Calc7), (92 bytes).
    Removing lpf.o(i.LPF_Init), (72 bytes).
    Removing lpf.o(i.LPF_Init2), (72 bytes).
    Removing lpf.o(i.LPF_Init3), (72 bytes).
    Removing lpf.o(i.LPF_Init4), (72 bytes).
    Removing lpf.o(i.LPF_Init5), (72 bytes).
    Removing lpf.o(i.LPF_Init6), (72 bytes).
    Removing lpf.o(i.LPF_Init7), (72 bytes).
    Removing lpf.o(i.Median), (128 bytes).
    Removing lpf.o(i.Noise), (136 bytes).
    Removing lpf.o(i.Noise2), (136 bytes).
    Removing lpf.o(i.Noise3), (136 bytes).
    Removing lpf.o(i.Noise4), (136 bytes).
    Removing lpf.o(i.Noise5), (136 bytes).
    Removing lpf.o(i.Noise6), (136 bytes).
    Removing lpf.o(i.Noise7), (136 bytes).
    Removing lpf.o(i.sqrt2), (32 bytes).
    Removing wtimer0a.o(i.WideTimer0_Stop), (24 bytes).
    Removing edisk.o(i.SSI0_Init), (332 bytes).
    Removing edisk.o(i.deselect), (20 bytes).
    Removing edisk.o(i.disk_timerproc), (64 bytes).
    Removing edisk.o(i.eDisk_Init), (348 bytes).
    Removing edisk.o(i.eDisk_Read), (144 bytes).
    Removing edisk.o(i.eDisk_ReadBlock), (20 bytes).
    Removing edisk.o(i.eDisk_Status), (20 bytes).
    Removing edisk.o(i.eDisk_Write), (180 bytes).
    Removing edisk.o(i.eDisk_WriteBlock), (20 bytes).
    Removing edisk.o(i.init_spi), (40 bytes).
    Removing edisk.o(i.rcvr_datablock), (72 bytes).
    Removing edisk.o(i.rcvr_spi), (48 bytes).
    Removing edisk.o(i.rcvr_spi_multi), (24 bytes).
    Removing edisk.o(i.select), (48 bytes).
    Removing edisk.o(i.send_cmd), (150 bytes).
    Removing edisk.o(i.wait_ready), (48 bytes).
    Removing edisk.o(i.xchg_spi), (56 bytes).
    Removing edisk.o(i.xmit_datablock), (76 bytes).
    Removing edisk.o(i.xmit_spi_multi), (48 bytes).
    Removing edisk.o(.data), (13 bytes).
    Removing efile.o(i.eFile_Close), (4 bytes).
    Removing efile.o(i.eFile_Create), (6 bytes).
    Removing efile.o(i.eFile_Delete), (6 bytes).
    Removing efile.o(i.eFile_Directory), (6 bytes).
    Removing efile.o(i.eFile_Format), (4 bytes).
    Removing efile.o(i.eFile_Init), (4 bytes).
    Removing efile.o(i.eFile_RClose), (4 bytes).
    Removing efile.o(i.eFile_ROpen), (6 bytes).
    Removing efile.o(i.eFile_ReadNext), (6 bytes).
    Removing efile.o(i.eFile_WClose), (4 bytes).
    Removing efile.o(i.eFile_WOpen), (6 bytes).
    Removing efile.o(i.eFile_Write), (6 bytes).
    Removing uart0int.o(i.Fixed_Fix2Str), (252 bytes).
    Removing uart0int.o(i.RxFifo_Init), (20 bytes).
    Removing uart0int.o(i.TxFifo_Init), (20 bytes).
    Removing uart0int.o(i.UART_Fix2), (20 bytes).
    Removing uart0int.o(i.UART_InCharNonBlock), (20 bytes).
    Removing uart0int.o(i.UART_InUDec), (76 bytes).
    Removing uart0int.o(i.UART_InUHex), (108 bytes).
    Removing uart0int.o(i.UART_Init), (200 bytes).
    Removing uart0int.o(i.UART_OutCharNonBlock), (52 bytes).
    Removing uart0int.o(i.UART_OutSDec), (24 bytes).
    Removing uart0int.o(i.UART_OutUHex), (52 bytes).
    Removing lab3.o(i.BackgroundThread1d), (28 bytes).
    Removing lab3.o(i.BackgroundThread1e), (56 bytes).
    Removing lab3.o(i.BackgroundThread5d), (32 bytes).
    Removing lab3.o(i.BackgroundThread5e), (32 bytes).
    Removing lab3.o(i.BackgroundThreadFIFOProducer), (44 bytes).
    Removing lab3.o(i.ConsumerThreadFIFO), (76 bytes).
    Removing lab3.o(i.FillerThreadFIFO), (24 bytes).
    Removing lab3.o(i.OutputThread), (224 bytes).
    Removing lab3.o(i.PseudoWork), (32 bytes).
    Removing lab3.o(i.Signal1), (40 bytes).
    Removing lab3.o(i.Signal2), (40 bytes).
    Removing lab3.o(i.Signal3), (48 bytes).
    Removing lab3.o(i.TaskA), (44 bytes).
    Removing lab3.o(i.TaskB), (44 bytes).
    Removing lab3.o(i.Testmain1), (108 bytes).
    Removing lab3.o(i.Testmain2), (108 bytes).
    Removing lab3.o(i.Testmain3), (84 bytes).
    Removing lab3.o(i.Testmain4), (124 bytes).
    Removing lab3.o(i.Testmain5), (140 bytes).
    Removing lab3.o(i.Testmain6), (116 bytes).
    Removing lab3.o(i.Testmain7), (284 bytes).
    Removing lab3.o(i.TestmainCS), (56 bytes).
    Removing lab3.o(i.TestmainFIFO), (136 bytes).
    Removing lab3.o(i.Thread1), (44 bytes).
    Removing lab3.o(i.Thread1b), (40 bytes).
    Removing lab3.o(i.Thread1c), (60 bytes).
    Removing lab3.o(i.Thread2), (44 bytes).
    Removing lab3.o(i.Thread2b), (40 bytes).
    Removing lab3.o(i.Thread2c), (76 bytes).
    Removing lab3.o(i.Thread2d), (128 bytes).
    Removing lab3.o(i.Thread2e), (52 bytes).
    Removing lab3.o(i.Thread3), (44 bytes).
    Removing lab3.o(i.Thread3b), (40 bytes).
    Removing lab3.o(i.Thread3c), (40 bytes).
    Removing lab3.o(i.Thread3d), (24 bytes).
    Removing lab3.o(i.Thread3e), (24 bytes).
    Removing lab3.o(i.Thread4d), (44 bytes).
    Removing lab3.o(i.Thread4e), (40 bytes).
    Removing lab3.o(i.Thread5d), (60 bytes).
    Removing lab3.o(i.Thread6), (40 bytes).
    Removing lab3.o(i.Thread7), (104 bytes).
    Removing lab3.o(i.ThreadCS), (20 bytes).
    Removing lab3.o(i.Wait1), (28 bytes).
    Removing lab3.o(i.Wait2), (28 bytes).
    Removing lab3.o(i.Wait3), (28 bytes).
    Removing lab3.o(i.add), (20 bytes).
    Removing timer1a.o(i.Timer1A_Stop), (24 bytes).

176 unused section(s) (total 14545 bytes) removed from the image.
