<html>
<body>
<pre>
<h1>µVision Build Log</h1>
<h2>Tool Versions:</h2>
IDE-Version: µVision V5.29.0.0
Copyright (C) 2019 ARM Ltd and ARM Germany GmbH. All rights reserved.
License Information: Zhen Xu, University of Texas at Austin, LIC=----
 
Tool Versions:
Toolchain:       MDK-Lite  Version: 5.29.0.0
Toolchain Path:  C:\Keil_v5\ARM\ARMCC\Bin
C Compiler:      Armcc.exe V5.06 update 6 (build 750)
Assembler:       Armasm.exe V5.06 update 6 (build 750)
Linker/Locator:  ArmLink.exe V5.06 update 6 (build 750)
Library Manager: ArmAr.exe V5.06 update 6 (build 750)
Hex Converter:   FromElf.exe V5.06 update 6 (build 750)
CPU DLL:         SARMCM3.DLL V5.29.0.0
Dialog DLL:      DCM.DLL V1.17.3.0
Target DLL:      lmidk-agdi.dll V???
Dialog DLL:      TCM.DLL V1.36.5.0
 
<h2>Project:</h2>
C:\Users\Zhen\Dropbox\RTOS\vw\RTOS_Lab3_RTOSpriority\Lab3.uvprojx
Project File Date:  03/05/2020

<h2>Output:</h2>
*** Using Compiler 'V5.06 update 6 (build 750)', folder: 'C:\Keil_v5\ARM\ARMCC\Bin'
Rebuild target 'Lab3'
assembling startup.s...
compiling Interpreter.c...
..\RTOS_Labs_common\Interpreter.c(18): warning:  #177-D: variable "things"  was declared but never referenced
  static char things[50] = {0};
..\RTOS_Labs_common\Interpreter.c: 1 warning, 0 errors
compiling LPF.c...
compiling LaunchPad.c...
compiling PLL.c...
compiling OS.c...
compiling ADCSWTrigger.c...
compiling ST7735.c...
compiling efile.c...
assembling cr4_fft_64_stm32.s...
compiling ADCT0ATrigger.c...
assembling PID_stm32.s...
assembling osasm.s...
compiling IRDistance.c...
compiling WTimer0A.c...
compiling eDisk.c...
compiling UART0int.c...
compiling ADC.c...
compiling Timer1A.c...
compiling Lab3.c...
compiling Timer2A.c...
linking...
Program Size: Code=5828 RO-data=2148 RW-data=284 ZI-data=8812  
".\Lab3.axf" - 0 Error(s), 1 Warning(s).

<h2>Software Packages used:</h2>

Package Vendor: ARM
                http://www.keil.com/pack/ARM.CMSIS.5.6.0.pack
                ARM.CMSIS.5.6.0
                CMSIS (Cortex Microcontroller Software Interface Standard)
   * Component: CORE Version: 5.3.0

Package Vendor: Keil
                http://www.keil.com/pack/Keil.TM4C_DFP.1.1.0.pack
                Keil.TM4C_DFP.1.1.0
                Texas Instruments Tiva C Series Device Support and Examples

<h2>Collection of Component include folders:</h2>
  .\RTE\_Lab3
  C:\Users\Zhen\AppData\Local\Arm\Packs\ARM\CMSIS\5.6.0\CMSIS\Core\Include
  C:\Users\Zhen\AppData\Local\Arm\Packs\Keil\TM4C_DFP\1.1.0\Device\Include\TM4C123

<h2>Collection of Component Files used:</h2>

   * Component: ARM::CMSIS:CORE:5.3.0
Build Time Elapsed:  00:00:02
</pre>
</body>
</html>
