Component: ARM Compiler 5.06 update 6 (build 750) Tool: armlink [4d35ed]

==============================================================================

Section Cross References

    startup.o(RESET) refers to startup.o(STACK) for StackMem
    startup.o(RESET) refers to osasm.o(.text) for PendSV_Handler
    startup.o(RESET) refers to os_sleep_sema.o(i.SysTick_Handler) for SysTick_Handler
    startup.o(RESET) refers to uart0int.o(i.UART0_Handler) for UART0_Handler
    startup.o(RESET) refers to adct0atrigger.o(i.ADC0Seq0_Handler) for ADC0Seq0_Handler
    startup.o(RESET) refers to adct0atrigger.o(i.ADC0Seq3_Handler) for ADC0Seq3_Handler
    startup.o(RESET) refers to timer2a.o(i.Timer2A_Handler) for Timer2A_Handler
    startup.o(RESET) refers to os_sleep_sema.o(i.GPIOPortF_Handler) for GPIOPortF_Handler
    startup.o(RESET) refers to wtimer0a.o(i.WideTimer0A_Handler) for WideTimer0A_Handler
    startup.o(RESET) refers to entry.o(.ARM.Collect$$$$00000000) for __main
    interpreter.o(i.Jitter) refers to uart0int.o(i.UART_OutString) for UART_OutString
    interpreter.o(i.Jitter) refers to uart0int.o(i.UART_OutUDec) for UART_OutUDec
    launchpad.o(i.LaunchPad_WaitForRelease) refers to launchpad.o(i.DelayMs) for DelayMs
    launchpad.o(i.LaunchPad_WaitForTouch) refers to launchpad.o(i.DelayMs) for DelayMs
    st7735.o(i.ST7735_DrawBitmap) refers to st7735.o(i.setAddrWindow) for setAddrWindow
    st7735.o(i.ST7735_DrawBitmap) refers to st7735.o(i.writedata) for writedata
    st7735.o(i.ST7735_DrawBitmap) refers to st7735.o(.data) for _width
    st7735.o(i.ST7735_DrawChar) refers to st7735.o(i.setAddrWindow) for setAddrWindow
    st7735.o(i.ST7735_DrawChar) refers to st7735.o(i.pushColor) for pushColor
    st7735.o(i.ST7735_DrawChar) refers to st7735.o(.data) for _width
    st7735.o(i.ST7735_DrawChar) refers to st7735.o(.constdata) for Font
    st7735.o(i.ST7735_DrawCharS) refers to st7735.o(i.ST7735_DrawPixel) for ST7735_DrawPixel
    st7735.o(i.ST7735_DrawCharS) refers to st7735.o(i.ST7735_FillRect) for ST7735_FillRect
    st7735.o(i.ST7735_DrawCharS) refers to st7735.o(.data) for _width
    st7735.o(i.ST7735_DrawCharS) refers to st7735.o(.constdata) for Font
    st7735.o(i.ST7735_DrawCircle) refers to st7735.o(i.setAddrWindow) for setAddrWindow
    st7735.o(i.ST7735_DrawCircle) refers to st7735.o(i.writedata) for writedata
    st7735.o(i.ST7735_DrawCircle) refers to st7735.o(.data) for _width
    st7735.o(i.ST7735_DrawCircle) refers to st7735.o(.constdata) for circle
    st7735.o(i.ST7735_DrawFastHLine) refers to st7735.o(i.setAddrWindow) for setAddrWindow
    st7735.o(i.ST7735_DrawFastHLine) refers to st7735.o(i.writedata) for writedata
    st7735.o(i.ST7735_DrawFastHLine) refers to st7735.o(.data) for _width
    st7735.o(i.ST7735_DrawFastVLine) refers to st7735.o(i.setAddrWindow) for setAddrWindow
    st7735.o(i.ST7735_DrawFastVLine) refers to st7735.o(i.writedata) for writedata
    st7735.o(i.ST7735_DrawFastVLine) refers to st7735.o(.data) for _width
    st7735.o(i.ST7735_DrawPixel) refers to st7735.o(i.setAddrWindow) for setAddrWindow
    st7735.o(i.ST7735_DrawPixel) refers to st7735.o(i.pushColor) for pushColor
    st7735.o(i.ST7735_DrawPixel) refers to st7735.o(.data) for _width
    st7735.o(i.ST7735_DrawSmallCircle) refers to st7735.o(i.setAddrWindow) for setAddrWindow
    st7735.o(i.ST7735_DrawSmallCircle) refers to st7735.o(i.writedata) for writedata
    st7735.o(i.ST7735_DrawSmallCircle) refers to st7735.o(.data) for _width
    st7735.o(i.ST7735_DrawSmallCircle) refers to st7735.o(.constdata) for smallCircle
    st7735.o(i.ST7735_DrawString) refers to st7735.o(i.ST7735_DrawCharS) for ST7735_DrawCharS
    st7735.o(i.ST7735_FillRect) refers to st7735.o(i.setAddrWindow) for setAddrWindow
    st7735.o(i.ST7735_FillRect) refers to st7735.o(i.writedata) for writedata
    st7735.o(i.ST7735_FillRect) refers to st7735.o(.data) for _width
    st7735.o(i.ST7735_FillScreen) refers to st7735.o(i.ST7735_FillRect) for ST7735_FillRect
    st7735.o(i.ST7735_FillScreen) refers to st7735.o(.data) for _height
    st7735.o(i.ST7735_InitB) refers to st7735.o(i.commonInit) for commonInit
    st7735.o(i.ST7735_InitB) refers to st7735.o(i.ST7735_SetCursor) for ST7735_SetCursor
    st7735.o(i.ST7735_InitB) refers to st7735.o(i.ST7735_FillScreen) for ST7735_FillScreen
    st7735.o(i.ST7735_InitB) refers to os_sleep_sema.o(i.OS_InitSemaphore) for OS_InitSemaphore
    st7735.o(i.ST7735_InitB) refers to st7735.o(.constdata) for Bcmd
    st7735.o(i.ST7735_InitB) refers to st7735.o(.data) for StTextColor
    st7735.o(i.ST7735_InitR) refers to st7735.o(i.commonInit) for commonInit
    st7735.o(i.ST7735_InitR) refers to st7735.o(i.commandList) for commandList
    st7735.o(i.ST7735_InitR) refers to st7735.o(i.writecommand) for writecommand
    st7735.o(i.ST7735_InitR) refers to st7735.o(i.writedata) for writedata
[...]
    lab3.o(i.Thread3c) refers to lab3.o(.data) for Count3
    lab3.o(i.Thread3d) refers to lab3.o(.data) for Count3
    lab3.o(i.Thread3e) refers to lab3.o(.data) for Count3
    lab3.o(i.Thread4d) refers to os_sleep_sema.o(i.OS_Sleep) for OS_Sleep
    lab3.o(i.Thread4d) refers to os_sleep_sema.o(i.OS_Kill) for OS_Kill
    lab3.o(i.Thread4d) refers to lab3.o(.data) for Count4
    lab3.o(i.Thread4e) refers to os_sleep_sema.o(i.OS_Sleep) for OS_Sleep
    lab3.o(i.Thread4e) refers to os_sleep_sema.o(i.OS_Kill) for OS_Kill
    lab3.o(i.Thread4e) refers to lab3.o(.data) for Count4
    lab3.o(i.Thread5d) refers to os_sleep_sema.o(i.OS_Wait) for OS_Wait
    lab3.o(i.Thread5d) refers to lab3.o(.data) for Readyd
    lab3.o(i.Thread6) refers to lab3.o(.data) for Count1
    lab3.o(i.Thread7) refers to uart0int.o(i.UART_OutString) for UART_OutString
    lab3.o(i.Thread7) refers to os_sleep_sema.o(i.OS_Sleep) for OS_Sleep
    lab3.o(i.Thread7) refers to interpreter.o(i.Jitter) for Jitter
    lab3.o(i.Thread7) refers to os_sleep_sema.o(i.OS_Kill) for OS_Kill
    lab3.o(i.Thread7) refers to os_sleep_sema.o(.bss) for JitterHistogram
    lab3.o(i.Thread7) refers to os_sleep_sema.o(.constdata) for JitterSize
    lab3.o(i.Thread7) refers to os_sleep_sema.o(.data) for MaxJitter
    lab3.o(i.Wait1) refers to os_sleep_sema.o(i.OS_Wait) for OS_Wait
    lab3.o(i.Wait1) refers to lab3.o(.data) for s
    lab3.o(i.Wait2) refers to os_sleep_sema.o(i.OS_Wait) for OS_Wait
    lab3.o(i.Wait2) refers to lab3.o(.data) for s
    lab3.o(i.Wait3) refers to os_sleep_sema.o(i.OS_Wait) for OS_Wait
    lab3.o(i.Wait3) refers to lab3.o(.data) for s
    lab3.o(i.add) refers to lab3.o(.data) for result
    lab3.o(i.main) refers to os_sleep_sema.o(i.OS_InitSemaphore) for OS_InitSemaphore
    lab3.o(i.main) refers to lab3.o(i.realmain) for realmain
    lab3.o(i.main) refers to lab3.o(.data) for STsema
    lab3.o(i.realmain) refers to os_sleep_sema.o(i.OS_Init) for OS_Init
    lab3.o(i.realmain) refers to lab3.o(i.PortD_Init) for PortD_Init
    lab3.o(i.realmain) refers to os_sleep_sema.o(i.OS_MailBox_Init) for OS_MailBox_Init
    lab3.o(i.realmain) refers to os_sleep_sema.o(i.OS_Fifo_Init) for OS_Fifo_Init
    lab3.o(i.realmain) refers to adc.o(i.ADC_Init) for ADC_Init
    lab3.o(i.realmain) refers to os_sleep_sema.o(i.OS_AddSW1Task) for OS_AddSW1Task
    lab3.o(i.realmain) refers to os_sleep_sema.o(i.OS_AddSW2Task) for OS_AddSW2Task
    lab3.o(i.realmain) refers to os_sleep_sema.o(i.OS_AddPeriodicThread) for OS_AddPeriodicThread
    lab3.o(i.realmain) refers to os_sleep_sema.o(i.OS_AddThread) for OS_AddThread
    lab3.o(i.realmain) refers to os_sleep_sema.o(i.OS_Launch) for OS_Launch
    lab3.o(i.realmain) refers to os_sleep_sema.o(.data) for MaxJitter
    lab3.o(i.realmain) refers to lab3.o(.data) for DataLost
    lab3.o(i.realmain) refers to lab3.o(i.SW1Push) for SW1Push
    lab3.o(i.realmain) refers to lab3.o(i.SW2Push) for SW2Push
    lab3.o(i.realmain) refers to lab3.o(i.DAS) for DAS
    lab3.o(i.realmain) refers to lab3.o(i.PID) for PID
    lab3.o(i.realmain) refers to lab3.o(i.Consumer) for Consumer
    lab3.o(i.realmain) refers to interpreter.o(i.Interpreter) for Interpreter
    lab3.o(i.realmain) refers to lab3.o(i.Idle) for Idle
    os_sleep_sema.o(i.EdgeCounterPortF0_Init) refers to os_sleep_sema.o(.data) for GPIOF0HandlerFunction
    os_sleep_sema.o(i.EdgeCounterPortF4_Init) refers to os_sleep_sema.o(.data) for GPIOF4HandlerFunction
    os_sleep_sema.o(i.GPIOPortF_Handler) refers to startup.o(.text) for StartCritical
    os_sleep_sema.o(i.GPIOPortF_Handler) refers to os_sleep_sema.o(.data) for GPIOF4HandlerFunction
    os_sleep_sema.o(i.OS_AddPeriodicThread) refers to timer2a.o(i.Timer2A_Init) for Timer2A_Init
    os_sleep_sema.o(i.OS_AddSW1Task) refers to os_sleep_sema.o(i.EdgeCounterPortF4_Init) for EdgeCounterPortF4_Init
    os_sleep_sema.o(i.OS_AddSW2Task) refers to os_sleep_sema.o(i.EdgeCounterPortF0_Init) for EdgeCounterPortF0_Init
    os_sleep_sema.o(i.OS_AddThread) refers to startup.o(.text) for StartCritical
    os_sleep_sema.o(i.OS_AddThread) refers to os_sleep_sema.o(i.SetInitialStack) for SetInitialStack
    os_sleep_sema.o(i.OS_AddThread) refers to lab3.o(.data) for NumCreated
    os_sleep_sema.o(i.OS_AddThread) refers to os_sleep_sema.o(.bss) for tcbs
    os_sleep_sema.o(i.OS_ClearMsTime) refers to os_sleep_sema.o(.data) for time
    os_sleep_sema.o(i.OS_Fifo_Get) refers to os_sleep_sema.o(i.OS_Wait) for OS_Wait
    os_sleep_sema.o(i.OS_Fifo_Get) refers to os_sleep_sema.o(i.osFifo_Get) for osFifo_Get
    os_sleep_sema.o(i.OS_Fifo_Get) refers to os_sleep_sema.o(i.OS_Signal) for OS_Signal
    os_sleep_sema.o(i.OS_Fifo_Get) refers to os_sleep_sema.o(.data) for data_s
    os_sleep_sema.o(i.OS_Fifo_Init) refers to os_sleep_sema.o(i.osFifo_Init) for osFifo_Init
    os_sleep_sema.o(i.OS_Fifo_Init) refers to os_sleep_sema.o(i.OS_InitSemaphore) for OS_InitSemaphore
    os_sleep_sema.o(i.OS_Fifo_Init) refers to os_sleep_sema.o(.data) for room_left
    os_sleep_sema.o(i.OS_Fifo_Put) refers to startup.o(.text) for StartCritical
    os_sleep_sema.o(i.OS_Fifo_Put) refers to os_sleep_sema.o(i.osFifo_Put) for osFifo_Put
    os_sleep_sema.o(i.OS_Fifo_Put) refers to os_sleep_sema.o(.data) for room_left
    os_sleep_sema.o(i.OS_Id) refers to os_sleep_sema.o(.data) for RunPt
    os_sleep_sema.o(i.OS_Init) refers to osasm.o(.text) for OS_DisableInterrupts
    os_sleep_sema.o(i.OS_Init) refers to pll.o(i.PLL_Init) for PLL_Init
    os_sleep_sema.o(i.OS_Init) refers to wtimer0a.o(i.WideTimer0A_Init) for WideTimer0A_Init
    os_sleep_sema.o(i.OS_Init) refers to st7735.o(i.ST7735_InitR) for ST7735_InitR
    os_sleep_sema.o(i.OS_Init) refers to os_sleep_sema.o(i.upcount) for upcount
    os_sleep_sema.o(i.OS_Kill) refers to startup.o(.text) for StartCritical
    os_sleep_sema.o(i.OS_Kill) refers to os_sleep_sema.o(i.OS_Id) for OS_Id
    os_sleep_sema.o(i.OS_Kill) refers to os_sleep_sema.o(i.OS_Suspend) for OS_Suspend
    os_sleep_sema.o(i.OS_Kill) refers to os_sleep_sema.o(.bss) for tcbs
    os_sleep_sema.o(i.OS_Kill) refers to os_sleep_sema.o(.data) for foo
    os_sleep_sema.o(i.OS_Kill) refers to lab3.o(.data) for NumCreated
    os_sleep_sema.o(i.OS_Launch) refers to os_sleep_sema.o(i.SysTick_Init) for SysTick_Init
    os_sleep_sema.o(i.OS_Launch) refers to osasm.o(.text) for StartOS
    os_sleep_sema.o(i.OS_Launch) refers to os_sleep_sema.o(.bss) for tcbs
    os_sleep_sema.o(i.OS_Launch) refers to os_sleep_sema.o(.data) for RunPt
    os_sleep_sema.o(i.OS_MailBox_Init) refers to os_sleep_sema.o(i.OS_InitSemaphore) for OS_InitSemaphore
    os_sleep_sema.o(i.OS_MailBox_Init) refers to os_sleep_sema.o(.data) for insema
    os_sleep_sema.o(i.OS_MailBox_Recv) refers to os_sleep_sema.o(i.OS_bWait) for OS_bWait
    os_sleep_sema.o(i.OS_MailBox_Recv) refers to os_sleep_sema.o(i.OS_bSignal) for OS_bSignal
    os_sleep_sema.o(i.OS_MailBox_Recv) refers to os_sleep_sema.o(.data) for insema
    os_sleep_sema.o(i.OS_MailBox_Send) refers to os_sleep_sema.o(i.OS_bWait) for OS_bWait
    os_sleep_sema.o(i.OS_MailBox_Send) refers to os_sleep_sema.o(i.OS_bSignal) for OS_bSignal
    os_sleep_sema.o(i.OS_MailBox_Send) refers to os_sleep_sema.o(.data) for outsema
    os_sleep_sema.o(i.OS_MsTime) refers to os_sleep_sema.o(.data) for time
    os_sleep_sema.o(i.OS_Signal) refers to startup.o(.text) for StartCritical
    os_sleep_sema.o(i.OS_Sleep) refers to os_sleep_sema.o(i.OS_Suspend) for OS_Suspend
    os_sleep_sema.o(i.OS_Sleep) refers to os_sleep_sema.o(.data) for RunPt
    os_sleep_sema.o(i.OS_Suspend) refers to osasm.o(.text) for ContextSwitch
    os_sleep_sema.o(i.OS_Suspend) refers to os_sleep_sema.o(.data) for RunPt
    os_sleep_sema.o(i.OS_Time) refers to os_sleep_sema.o(.data) for time
    os_sleep_sema.o(i.OS_Wait) refers to startup.o(.text) for DisableInterrupts
    os_sleep_sema.o(i.OS_bSignal) refers to startup.o(.text) for StartCritical
    os_sleep_sema.o(i.OS_bWait) refers to startup.o(.text) for DisableInterrupts
    os_sleep_sema.o(i.OS_jittermeasurement) refers to os_sleep_sema.o(i.OS_Time) for OS_Time
    os_sleep_sema.o(i.OS_jittermeasurement) refers to os_sleep_sema.o(i.OS_TimeDifference) for OS_TimeDifference
    os_sleep_sema.o(i.OS_jittermeasurement) refers to os_sleep_sema.o(.data) for MaxJitter
    os_sleep_sema.o(i.SetInitialStack) refers to os_sleep_sema.o(.bss) for Stacks
    os_sleep_sema.o(i.SysTick_Handler) refers to os_sleep_sema.o(i.OS_Suspend) for OS_Suspend
    os_sleep_sema.o(i.SysTick_Handler) refers to os_sleep_sema.o(.data) for foo1
    os_sleep_sema.o(i.SysTick_Init) refers to startup.o(.text) for StartCritical
    os_sleep_sema.o(i.fgetc) refers to uart0int.o(i.UART_InChar) for UART_InChar
    os_sleep_sema.o(i.fgetc) refers to uart0int.o(i.UART_OutChar) for UART_OutChar
    os_sleep_sema.o(i.fputc) refers to uart0int.o(i.UART_OutChar) for UART_OutChar
    os_sleep_sema.o(i.osFifo_Get) refers to os_sleep_sema.o(.data) for osPutI
    os_sleep_sema.o(i.osFifo_Init) refers to startup.o(.text) for StartCritical
    os_sleep_sema.o(i.osFifo_Init) refers to os_sleep_sema.o(.data) for osGetI
    os_sleep_sema.o(i.osFifo_Put) refers to os_sleep_sema.o(.data) for osPutI
    os_sleep_sema.o(i.osFifo_Size) refers to os_sleep_sema.o(.data) for osPutI
    os_sleep_sema.o(i.upcount) refers to startup.o(.text) for StartCritical
    os_sleep_sema.o(i.upcount) refers to os_sleep_sema.o(.data) for time
    os_sleep_sema.o(i.upcount) refers to os_sleep_sema.o(.bss) for tcbs
    timer2a.o(i.Timer2A_Handler) refers to timer2a.o(.data) for PeriodicTask2
    timer2a.o(i.Timer2A_Init) refers to timer2a.o(.data) for PeriodicTask2
    entry.o(.ARM.Collect$$$$00000000) refers (Special) to entry10a.o(.ARM.Collect$$$$0000000D) for __rt_final_cpp
    entry.o(.ARM.Collect$$$$00000000) refers (Special) to entry11a.o(.ARM.Collect$$$$0000000F) for __rt_final_exit
    entry.o(.ARM.Collect$$$$00000000) refers (Special) to entry7b.o(.ARM.Collect$$$$00000008) for _main_clock
    entry.o(.ARM.Collect$$$$00000000) refers (Special) to entry8b.o(.ARM.Collect$$$$0000000A) for _main_cpp_init
    entry.o(.ARM.Collect$$$$00000000) refers (Special) to entry9a.o(.ARM.Collect$$$$0000000B) for _main_init
    entry.o(.ARM.Collect$$$$00000000) refers (Special) to entry5.o(.ARM.Collect$$$$00000004) for _main_scatterload
    entry.o(.ARM.Collect$$$$00000000) refers (Special) to entry2.o(.ARM.Collect$$$$00000001) for _main_stk
    entry2.o(.ARM.Collect$$$$00000001) refers to entry2.o(.ARM.Collect$$$$00002712) for __lit__00000000
    entry2.o(.ARM.Collect$$$$00002712) refers to startup.o(STACK) for __initial_sp
    entry2.o(__vectab_stack_and_reset_area) refers to startup.o(STACK) for __initial_sp
    entry2.o(__vectab_stack_and_reset_area) refers to entry.o(.ARM.Collect$$$$00000000) for __main
    entry5.o(.ARM.Collect$$$$00000004) refers to init.o(.text) for __scatterload
    entry9a.o(.ARM.Collect$$$$0000000B) refers to lab3.o(i.main) for main
    entry9b.o(.ARM.Collect$$$$0000000C) refers to lab3.o(i.main) for main
    init.o(.text) refers to entry5.o(.ARM.Collect$$$$00000004) for __main_after_scatterload


==============================================================================

Removing Unused input sections from the image.

    Removing startup.o(HEAP), (0 bytes).
    Removing interpreter.o(i.Jitter), (156 bytes).
    Removing interpreter.o(.bss), (50 bytes).
    Removing launchpad.o(i.DelayMs), (32 bytes).
    Removing launchpad.o(i.LaunchPad_Init), (92 bytes).
    Removing launchpad.o(i.LaunchPad_Input), (24 bytes).
    Removing launchpad.o(i.LaunchPad_Output), (12 bytes).
    Removing launchpad.o(i.LaunchPad_WaitForRelease), (56 bytes).
    Removing launchpad.o(i.LaunchPad_WaitForTouch), (32 bytes).
    Removing st7735.o(i.ST7735_Color565), (24 bytes).
    Removing st7735.o(i.ST7735_DrawBitmap), (288 bytes).
    Removing st7735.o(i.ST7735_DrawChar), (272 bytes).
    Removing st7735.o(i.ST7735_DrawCircle), (168 bytes).
    Removing st7735.o(i.ST7735_DrawFastHLine), (124 bytes).
    Removing st7735.o(i.ST7735_DrawFastVLine), (124 bytes).
    Removing st7735.o(i.ST7735_DrawSmallCircle), (168 bytes).
    Removing st7735.o(i.ST7735_InitB), (52 bytes).
    Removing st7735.o(i.ST7735_InvertDisplay), (22 bytes).
    Removing st7735.o(i.ST7735_OutChar), (212 bytes).
    Removing st7735.o(i.ST7735_OutString), (24 bytes).
    Removing st7735.o(i.ST7735_OutUDec2), (80 bytes).
    Removing st7735.o(i.ST7735_OutUDec4), (140 bytes).
    Removing st7735.o(i.ST7735_OutUDec5), (140 bytes).
    Removing st7735.o(i.ST7735_PlotBar), (88 bytes).
    Removing st7735.o(i.ST7735_PlotClear), (92 bytes).
    Removing st7735.o(i.ST7735_PlotLine), (264 bytes).
    Removing st7735.o(i.ST7735_PlotNext), (32 bytes).
    Removing st7735.o(i.ST7735_PlotNextErase), (64 bytes).
    Removing st7735.o(i.ST7735_PlotPoint), (152 bytes).
    Removing st7735.o(i.ST7735_PlotPoints), (172 bytes).
    Removing st7735.o(i.ST7735_PlotdBfs), (60 bytes).
    Removing st7735.o(i.ST7735_SetRotation), (212 bytes).
    Removing st7735.o(i.ST7735_SetTextColor), (12 bytes).
    Removing st7735.o(i.ST7735_SwapColor), (18 bytes).
    Removing st7735.o(i.fillmessage4), (100 bytes).
    Removing st7735.o(i.fillmessage5), (128 bytes).
    Removing adcswtrigger.o(i.ADC0_InSeq2), (80 bytes).
    Removing adcswtrigger.o(i.ADC0_InSeq3), (44 bytes).
    Removing adcswtrigger.o(i.ADC0_InSeq3_InternalTemperature), (64 bytes).
    Removing adcswtrigger.o(i.ADC0_InitSWTriggerSeq2), (224 bytes).
    Removing adcswtrigger.o(i.ADC0_InitSWTriggerSeq3), (1016 bytes).
    Removing adcswtrigger.o(i.ADC0_InitSWTriggerSeq3_Ch7), (248 bytes).
    Removing adcswtrigger.o(i.ADC0_InitSWTriggerSeq3_Ch9), (248 bytes).
    Removing adcswtrigger.o(i.ADC0_InitSWTriggerSeq3_InternalTemperature), (128 bytes).
    Removing adcswtrigger.o(i.ADC_In3210), (80 bytes).
    Removing adcswtrigger.o(i.ADC_In89), (56 bytes).
    Removing adcswtrigger.o(i.ADC_Init3210), (248 bytes).
    Removing adcswtrigger.o(i.ADC_Init89), (220 bytes).
    Removing adcswtrigger.o(.data), (4 bytes).
    Removing adct0atrigger.o(i.ADC0_InitTimer0ATriggerSeq3PD3), (296 bytes).
    Removing lpf.o(i.LPF_Calc), (92 bytes).
    Removing lpf.o(i.LPF_Calc2), (92 bytes).
    Removing lpf.o(i.LPF_Calc3), (92 bytes).
    Removing lpf.o(i.LPF_Calc4), (92 bytes).
    Removing lpf.o(i.LPF_Calc5), (92 bytes).
    Removing lpf.o(i.LPF_Calc6), (92 bytes).
    Removing lpf.o(i.LPF_Calc7), (92 bytes).
    Removing lpf.o(i.LPF_Init), (72 bytes).
    Removing lpf.o(i.LPF_Init2), (72 bytes).
    Removing lpf.o(i.LPF_Init3), (72 bytes).
    Removing lpf.o(i.LPF_Init4), (72 bytes).
    Removing lpf.o(i.LPF_Init5), (72 bytes).
    Removing lpf.o(i.LPF_Init6), (72 bytes).
    Removing lpf.o(i.LPF_Init7), (72 bytes).
    Removing lpf.o(i.Median), (128 bytes).
    Removing lpf.o(i.Noise), (136 bytes).
    Removing lpf.o(i.Noise2), (136 bytes).
    Removing lpf.o(i.Noise3), (136 bytes).
    Removing lpf.o(i.Noise4), (136 bytes).
    Removing lpf.o(i.Noise5), (136 bytes).
    Removing lpf.o(i.Noise6), (136 bytes).
    Removing lpf.o(i.Noise7), (136 bytes).
    Removing lpf.o(i.sqrt2), (32 bytes).
    Removing wtimer0a.o(i.WideTimer0_Stop), (24 bytes).
    Removing edisk.o(i.SSI0_Init), (332 bytes).
    Removing edisk.o(i.deselect), (20 bytes).
    Removing edisk.o(i.disk_timerproc), (64 bytes).
    Removing edisk.o(i.eDisk_Init), (348 bytes).
    Removing edisk.o(i.eDisk_Read), (144 bytes).
    Removing edisk.o(i.eDisk_ReadBlock), (20 bytes).
    Removing edisk.o(i.eDisk_Status), (20 bytes).
    Removing edisk.o(i.eDisk_Write), (180 bytes).
    Removing edisk.o(i.eDisk_WriteBlock), (20 bytes).
    Removing edisk.o(i.init_spi), (40 bytes).
    Removing edisk.o(i.rcvr_datablock), (72 bytes).
    Removing edisk.o(i.rcvr_spi), (48 bytes).
    Removing edisk.o(i.rcvr_spi_multi), (24 bytes).
    Removing edisk.o(i.select), (48 bytes).
    Removing edisk.o(i.send_cmd), (150 bytes).
    Removing edisk.o(i.wait_ready), (48 bytes).
    Removing edisk.o(i.xchg_spi), (56 bytes).
    Removing edisk.o(i.xmit_datablock), (76 bytes).
    Removing edisk.o(i.xmit_spi_multi), (48 bytes).
    Removing edisk.o(.data), (13 bytes).
    Removing efile.o(i.eFile_Close), (4 bytes).
    Removing efile.o(i.eFile_Create), (6 bytes).
    Removing efile.o(i.eFile_Delete), (6 bytes).
    Removing efile.o(i.eFile_Directory), (6 bytes).
    Removing efile.o(i.eFile_Format), (4 bytes).
    Removing efile.o(i.eFile_Init), (4 bytes).
    Removing efile.o(i.eFile_RClose), (4 bytes).
    Removing efile.o(i.eFile_ROpen), (6 bytes).
    Removing efile.o(i.eFile_ReadNext), (6 bytes).
    Removing efile.o(i.eFile_WClose), (4 bytes).
    Removing efile.o(i.eFile_WOpen), (6 bytes).
    Removing efile.o(i.eFile_Write), (6 bytes).
    Removing uart0int.o(i.Fixed_Fix2Str), (252 bytes).
    Removing uart0int.o(i.RxFifo_Get), (60 bytes).
    Removing uart0int.o(i.RxFifo_Init), (20 bytes).
    Removing uart0int.o(i.TxFifo_Init), (20 bytes).
    Removing uart0int.o(i.TxFifo_Put), (60 bytes).
    Removing uart0int.o(i.UART_Fix2), (20 bytes).
    Removing uart0int.o(i.UART_InChar), (20 bytes).
    Removing uart0int.o(i.UART_InCharNonBlock), (20 bytes).
    Removing uart0int.o(i.UART_InString), (70 bytes).
    Removing uart0int.o(i.UART_InUDec), (76 bytes).
    Removing uart0int.o(i.UART_InUHex), (108 bytes).
    Removing uart0int.o(i.UART_Init), (200 bytes).
    Removing uart0int.o(i.UART_OutChar), (52 bytes).
    Removing uart0int.o(i.UART_OutCharNonBlock), (52 bytes).
    Removing uart0int.o(i.UART_OutSDec), (24 bytes).
    Removing uart0int.o(i.UART_OutString), (24 bytes).
    Removing uart0int.o(i.UART_OutUDec), (42 bytes).
    Removing uart0int.o(i.UART_OutUHex), (52 bytes).
    Removing lab3.o(i.BackgroundThread1d), (28 bytes).
    Removing lab3.o(i.BackgroundThread1e), (56 bytes).
    Removing lab3.o(i.BackgroundThread5d), (32 bytes).
    Removing lab3.o(i.BackgroundThread5e), (32 bytes).
    Removing lab3.o(i.BackgroundThreadFIFOProducer), (44 bytes).
    Removing lab3.o(i.ConsumerThreadFIFO), (76 bytes).
    Removing lab3.o(i.FillerThreadFIFO), (24 bytes).
    Removing lab3.o(i.OutputThread), (224 bytes).
    Removing lab3.o(i.PseudoWork), (32 bytes).
    Removing lab3.o(i.Signal1), (40 bytes).
    Removing lab3.o(i.Signal2), (40 bytes).
    Removing lab3.o(i.Signal3), (48 bytes).
    Removing lab3.o(i.TaskA), (44 bytes).
    Removing lab3.o(i.TaskB), (44 bytes).
    Removing lab3.o(i.Testmain1), (108 bytes).
    Removing lab3.o(i.Testmain2), (108 bytes).
    Removing lab3.o(i.Testmain3), (84 bytes).
    Removing lab3.o(i.Testmain4), (124 bytes).
    Removing lab3.o(i.Testmain5), (140 bytes).
    Removing lab3.o(i.Testmain6), (116 bytes).
    Removing lab3.o(i.Testmain7), (284 bytes).
    Removing lab3.o(i.TestmainCS), (56 bytes).
    Removing lab3.o(i.TestmainFIFO), (136 bytes).
    Removing lab3.o(i.Thread1), (44 bytes).
    Removing lab3.o(i.Thread1b), (40 bytes).
    Removing lab3.o(i.Thread1c), (60 bytes).
    Removing lab3.o(i.Thread2), (44 bytes).
    Removing lab3.o(i.Thread2b), (40 bytes).
    Removing lab3.o(i.Thread2c), (76 bytes).
    Removing lab3.o(i.Thread2d), (128 bytes).
    Removing lab3.o(i.Thread2e), (52 bytes).
    Removing lab3.o(i.Thread3), (44 bytes).
    Removing lab3.o(i.Thread3b), (40 bytes).
    Removing lab3.o(i.Thread3c), (40 bytes).
    Removing lab3.o(i.Thread3d), (24 bytes).
    Removing lab3.o(i.Thread3e), (24 bytes).
    Removing lab3.o(i.Thread4d), (44 bytes).
    Removing lab3.o(i.Thread4e), (40 bytes).
    Removing lab3.o(i.Thread5d), (60 bytes).
    Removing lab3.o(i.Thread6), (40 bytes).
    Removing lab3.o(i.Thread7), (104 bytes).
    Removing lab3.o(i.ThreadCS), (20 bytes).
    Removing lab3.o(i.Wait1), (28 bytes).
    Removing lab3.o(i.Wait2), (28 bytes).
    Removing lab3.o(i.Wait3), (28 bytes).
    Removing lab3.o(i.add), (20 bytes).
    Removing os_sleep_sema.o(i.OS_EndRedirectToFile), (4 bytes).
    Removing os_sleep_sema.o(i.OS_Fifo_Size), (4 bytes).
    Removing os_sleep_sema.o(i.OS_LockScheduler), (4 bytes).
    Removing os_sleep_sema.o(i.OS_RedirectToFile), (6 bytes).
    Removing os_sleep_sema.o(i.OS_RedirectToST7735), (4 bytes).
    Removing os_sleep_sema.o(i.OS_RedirectToUART), (4 bytes).
    Removing os_sleep_sema.o(i.OS_UnLockScheduler), (2 bytes).
    Removing os_sleep_sema.o(i.fgetc), (20 bytes).
    Removing os_sleep_sema.o(i.fputc), (16 bytes).
    Removing os_sleep_sema.o(i.osFifo_Size), (24 bytes).
    Removing os_sleep_sema.o(.constdata), (4 bytes).
    Removing timer2a.o(i.Timer2A_Stop), (24 bytes).

182 unused section(s) (total 15035 bytes) removed from the image.

==============================================================================

Image Symbol Table

    Local Symbols

    Symbol Name                              Value     Ov Type        Size  Object(Section)

    RESET                                    0x00000000   Section      644  startup.o(RESET)
    ../clib/../cmprslib/zerorunl.c           0x00000000   Number         0  __dczerorl.o ABSOLUTE
    ../clib/microlib/init/entry.s            0x00000000   Number         0  entry5.o ABSOLUTE
    ../clib/microlib/init/entry.s            0x00000000   Number         0  entry9a.o ABSOLUTE
    ../clib/microlib/init/entry.s            0x00000000   Number         0  entry9b.o ABSOLUTE
    ../clib/microlib/init/entry.s            0x00000000   Number         0  entry10a.o ABSOLUTE
    ../clib/microlib/init/entry.s            0x00000000   Number         0  entry10b.o ABSOLUTE
    ../clib/microlib/init/entry.s            0x00000000   Number         0  entry11a.o ABSOLUTE
    ../clib/microlib/init/entry.s            0x00000000   Number         0  entry11b.o ABSOLUTE
    ../clib/microlib/init/entry.s            0x00000000   Number         0  entry.o ABSOLUTE
    ../clib/microlib/init/entry.s            0x00000000   Number         0  entry2.o ABSOLUTE
    ../clib/microlib/init/entry.s            0x00000000   Number         0  entry7a.o ABSOLUTE
    ../clib/microlib/init/entry.s            0x00000000   Number         0  entry7b.o ABSOLUTE
    ../clib/microlib/init/entry.s            0x00000000   Number         0  entry8a.o ABSOLUTE
    ../clib/microlib/init/entry.s            0x00000000   Number         0  entry8b.o ABSOLUTE
    ../clib/microlib/string/strcpy.c         0x00000000   Number         0  strcpy.o ABSOLUTE
    ../clib/microlib/string/strlen.c         0x00000000   Number         0  strlen.o ABSOLUTE
    ..\RTOS_Labs_common\ADC.c                0x00000000   Number         0  adc.o ABSOLUTE
    ..\RTOS_Labs_common\Interpreter.c        0x00000000   Number         0  interpreter.o ABSOLUTE
    ..\RTOS_Labs_common\ST7735.c             0x00000000   Number         0  st7735.o ABSOLUTE
    ..\RTOS_Labs_common\UART0int.c           0x00000000   Number         0  uart0int.o ABSOLUTE
    ..\RTOS_Labs_common\eDisk.c              0x00000000   Number         0  edisk.o ABSOLUTE
    ..\RTOS_Labs_common\efile.c              0x00000000   Number         0  efile.o ABSOLUTE
    ..\RTOS_Labs_common\osasm.s              0x00000000   Number         0  osasm.o ABSOLUTE
    ..\inc\ADCSWTrigger.c                    0x00000000   Number         0  adcswtrigger.o ABSOLUTE
    ..\inc\ADCT0ATrigger.c                   0x00000000   Number         0  adct0atrigger.o ABSOLUTE
    ..\inc\IRDistance.c                      0x00000000   Number         0  irdistance.o ABSOLUTE
    ..\inc\LPF.c                             0x00000000   Number         0  lpf.o ABSOLUTE
    ..\inc\LaunchPad.c                       0x00000000   Number         0  launchpad.o ABSOLUTE
    ..\inc\PID_stm32.s                       0x00000000   Number         0  pid_stm32.o ABSOLUTE
    ..\inc\PLL.c                             0x00000000   Number         0  pll.o ABSOLUTE
    ..\inc\Timer2A.c                         0x00000000   Number         0  timer2a.o ABSOLUTE
    ..\inc\WTimer0A.c                        0x00000000   Number         0  wtimer0a.o ABSOLUTE
    ..\inc\cr4_fft_64_stm32.s                0x00000000   Number         0  cr4_fft_64_stm32.o ABSOLUTE
    Lab3.c                                   0x00000000   Number         0  lab3.o ABSOLUTE
    OS_sleep_sema.c                          0x00000000   Number         0  os_sleep_sema.o ABSOLUTE
    dc.s                                     0x00000000   Number         0  dc.o ABSOLUTE
    handlers.s                               0x00000000   Number         0  handlers.o ABSOLUTE
    init.s                                   0x00000000   Number         0  init.o ABSOLUTE
    startup.s                                0x00000000   Number         0  startup.o ABSOLUTE
    .ARM.Collect$$$$00000000                 0x00000284   Section        0  entry.o(.ARM.Collect$$$$00000000)
    .ARM.Collect$$$$00000001                 0x00000284   Section        4  entry2.o(.ARM.Collect$$$$00000001)
    .ARM.Collect$$$$00000004                 0x00000288   Section        4  entry5.o(.ARM.Collect$$$$00000004)
    .ARM.Collect$$$$00000008                 0x0000028c   Section        0  entry7b.o(.ARM.Collect$$$$00000008)
    .ARM.Collect$$$$0000000A                 0x0000028c   Section        0  entry8b.o(.ARM.Collect$$$$0000000A)
    .ARM.Collect$$$$0000000B                 0x0000028c   Section        8  entry9a.o(.ARM.Collect$$$$0000000B)
    .ARM.Collect$$$$0000000D                 0x00000294   Section        0  entry10a.o(.ARM.Collect$$$$0000000D)
    .ARM.Collect$$$$0000000F                 0x00000294   Section        0  entry11a.o(.ARM.Collect$$$$0000000F)
    .ARM.Collect$$$$00002712                 0x00000294   Section        4  entry2.o(.ARM.Collect$$$$00002712)
    __lit__00000000                          0x00000294   Data           4  entry2.o(.ARM.Collect$$$$00002712)
    .text                                    0x00000298   Section       28  startup.o(.text)
    .text                                    0x000002b4   Section      718  cr4_fft_64_stm32.o(.text)
    .text                                    0x00000584   Section       72  pid_stm32.o(.text)
    .text                                    0x000005cc   Section      100  osasm.o(.text)
    .text                                    0x00000630   Section        0  strlen.o(.text)
    .text                                    0x00000640   Section       36  init.o(.text)
    .text                                    0x00000664   Section        0  __dczerorl.o(.text)
    i.ADC0Seq0_Handler                       0x000006a0   Section        0  adct0atrigger.o(i.ADC0Seq0_Handler)
    i.ADC0Seq3_Handler                       0x000006c4   Section        0  adct0atrigger.o(i.ADC0Seq3_Handler)
    i.ADC0_InitTimer0ATriggerSeq0            0x000006e0   Section        0  adct0atrigger.o(i.ADC0_InitTimer0ATriggerSeq0)
    i.ADC_In                                 0x00000b40   Section        0  adc.o(i.ADC_In)
    i.ADC_Init                               0x00000b6c   Section        0  adc.o(i.ADC_Init)
    i.ButtonWork                             0x00000f68   Section        0  lab3.o(i.ButtonWork)
    i.CS_Init                                0x0000102c   Section        0  edisk.o(i.CS_Init)
    i.Consumer                               0x000010b8   Section        0  lab3.o(i.Consumer)
    i.DAS                                    0x00001140   Section        0  lab3.o(i.DAS)
    i.Delay1ms                               0x000011bc   Section        0  st7735.o(i.Delay1ms)
    i.Display                                0x000011dc   Section        0  lab3.o(i.Display)
    i.EdgeCounterPortF0_Init                 0x00001270   Section        0  os_sleep_sema.o(i.EdgeCounterPortF0_Init)
    i.EdgeCounterPortF4_Init                 0x0000133c   Section        0  os_sleep_sema.o(i.EdgeCounterPortF4_Init)
    i.Filter                                 0x00001418   Section        0  lpf.o(i.Filter)
    i.GPIOPortF_Handler                      0x000014e0   Section        0  os_sleep_sema.o(i.GPIOPortF_Handler)
    i.IRDistance_Convert                     0x00001548   Section        0  irdistance.o(i.IRDistance_Convert)
    i.Idle                                   0x00001588   Section        0  lab3.o(i.Idle)
    i.Interpreter                            0x000015d0   Section        0  interpreter.o(i.Interpreter)
    i.OS_AddPeriodicThread                   0x000015d4   Section        0  os_sleep_sema.o(i.OS_AddPeriodicThread)
    i.OS_AddSW1Task                          0x000015ea   Section        0  os_sleep_sema.o(i.OS_AddSW1Task)
    i.OS_AddSW2Task                          0x000015fa   Section        0  os_sleep_sema.o(i.OS_AddSW2Task)
    i.OS_AddThread                           0x0000160c   Section        0  os_sleep_sema.o(i.OS_AddThread)
    i.OS_ClearMsTime                         0x000016e8   Section        0  os_sleep_sema.o(i.OS_ClearMsTime)
    i.OS_Fifo_Get                            0x000016f4   Section        0  os_sleep_sema.o(i.OS_Fifo_Get)
    i.OS_Fifo_Init                           0x0000171c   Section        0  os_sleep_sema.o(i.OS_Fifo_Init)
    i.OS_Fifo_Put                            0x00001740   Section        0  os_sleep_sema.o(i.OS_Fifo_Put)
    i.OS_Id                                  0x00001784   Section        0  os_sleep_sema.o(i.OS_Id)
    i.OS_Init                                0x00001790   Section        0  os_sleep_sema.o(i.OS_Init)
    i.OS_InitSemaphore                       0x000017b8   Section        0  os_sleep_sema.o(i.OS_InitSemaphore)
    i.OS_Kill                                0x000017bc   Section        0  os_sleep_sema.o(i.OS_Kill)
    i.OS_Launch                              0x00001854   Section        0  os_sleep_sema.o(i.OS_Launch)
    i.OS_MailBox_Init                        0x00001874   Section        0  os_sleep_sema.o(i.OS_MailBox_Init)
    i.OS_MailBox_Recv                        0x00001894   Section        0  os_sleep_sema.o(i.OS_MailBox_Recv)
    i.OS_MailBox_Send                        0x000018b8   Section        0  os_sleep_sema.o(i.OS_MailBox_Send)
    i.OS_MsTime                              0x000018e0   Section        0  os_sleep_sema.o(i.OS_MsTime)
    i.OS_Signal                              0x000018ec   Section        0  os_sleep_sema.o(i.OS_Signal)
    i.OS_Sleep                               0x00001904   Section        0  os_sleep_sema.o(i.OS_Sleep)
    i.OS_Suspend                             0x00001918   Section        0  os_sleep_sema.o(i.OS_Suspend)
    i.OS_Time                                0x00001948   Section        0  os_sleep_sema.o(i.OS_Time)
    i.OS_TimeDifference                      0x0000196c   Section        0  os_sleep_sema.o(i.OS_TimeDifference)
    i.OS_Wait                                0x00001972   Section        0  os_sleep_sema.o(i.OS_Wait)
    i.OS_bSignal                             0x00001996   Section        0  os_sleep_sema.o(i.OS_bSignal)
    i.OS_bWait                               0x000019ac   Section        0  os_sleep_sema.o(i.OS_bWait)
    i.OS_jittermeasurement                   0x000019d0   Section        0  os_sleep_sema.o(i.OS_jittermeasurement)
    i.PID                                    0x00001a20   Section        0  lab3.o(i.PID)
    i.PLL_Init                               0x00001a8c   Section        0  pll.o(i.PLL_Init)
    i.PortD_Init                             0x00001b08   Section        0  lab3.o(i.PortD_Init)
    i.Producer                               0x00001b70   Section        0  lab3.o(i.Producer)
    i.RxFifo_Put                             0x00001ba4   Section        0  uart0int.o(i.RxFifo_Put)
    i.RxFifo_Size                            0x00001be0   Section        0  uart0int.o(i.RxFifo_Size)
    i.ST7735_DrawCharS                       0x00001bf8   Section        0  st7735.o(i.ST7735_DrawCharS)
    i.ST7735_DrawPixel                       0x00001cf0   Section        0  st7735.o(i.ST7735_DrawPixel)
    i.ST7735_DrawString                      0x00001d38   Section        0  st7735.o(i.ST7735_DrawString)
    i.ST7735_FillRect                        0x00001d90   Section        0  st7735.o(i.ST7735_FillRect)
    i.ST7735_FillScreen                      0x00001e3c   Section        0  st7735.o(i.ST7735_FillScreen)
    i.ST7735_InitR                           0x00001e60   Section        0  st7735.o(i.ST7735_InitR)
    i.ST7735_Message                         0x00001ee8   Section        0  st7735.o(i.ST7735_Message)
    i.ST7735_OutUDec                         0x00001f74   Section        0  st7735.o(i.ST7735_OutUDec)
    i.ST7735_SetCursor                       0x00002000   Section        0  st7735.o(i.ST7735_SetCursor)
    i.SW1Push                                0x00002020   Section        0  lab3.o(i.SW1Push)
    i.SW2Push                                0x00002050   Section        0  lab3.o(i.SW2Push)
    i.SetInitialStack                        0x00002080   Section        0  os_sleep_sema.o(i.SetInitialStack)
    i.SysTick_Handler                        0x0000216c   Section        0  os_sleep_sema.o(i.SysTick_Handler)
    i.SysTick_Init                           0x00002184   Section        0  os_sleep_sema.o(i.SysTick_Init)
    i.Timer2A_Handler                        0x000021d4   Section        0  timer2a.o(i.Timer2A_Handler)
    i.Timer2A_Init                           0x000021ec   Section        0  timer2a.o(i.Timer2A_Init)
    i.TxFifo_Get                             0x0000224c   Section        0  uart0int.o(i.TxFifo_Get)
    i.TxFifo_Size                            0x00002288   Section        0  uart0int.o(i.TxFifo_Size)
    i.UART0_Handler                          0x000022a0   Section        0  uart0int.o(i.UART0_Handler)
    i.WideTimer0A_Handler                    0x000022f8   Section        0  wtimer0a.o(i.WideTimer0A_Handler)
    i.WideTimer0A_Init                       0x00002310   Section        0  wtimer0a.o(i.WideTimer0A_Init)
    i.__scatterload_copy                     0x00002374   Section       14  handlers.o(i.__scatterload_copy)
    i.__scatterload_null                     0x00002382   Section        2  handlers.o(i.__scatterload_null)
    i.__scatterload_zeroinit                 0x00002384   Section       14  handlers.o(i.__scatterload_zeroinit)
    i.commandList                            0x00002392   Section        0  st7735.o(i.commandList)
    commandList                              0x00002393   Thumb Code    86  st7735.o(i.commandList)
    i.commonInit                             0x000023e8   Section        0  st7735.o(i.commonInit)
    commonInit                               0x000023e9   Thumb Code   346  st7735.o(i.commonInit)
    i.copyHardwareToSoftware                 0x00002574   Section        0  uart0int.o(i.copyHardwareToSoftware)
    copyHardwareToSoftware                   0x00002575   Thumb Code    40  uart0int.o(i.copyHardwareToSoftware)
    i.copySoftwareToHardware                 0x000025a0   Section        0  uart0int.o(i.copySoftwareToHardware)
    copySoftwareToHardware                   0x000025a1   Thumb Code    38  uart0int.o(i.copySoftwareToHardware)
    i.dummyADC                               0x000025cc   Section        0  adct0atrigger.o(i.dummyADC)
    i.fillmessage                            0x000025d0   Section        0  st7735.o(i.fillmessage)
    i.main                                   0x00002618   Section        0  lab3.o(i.main)
    i.osFifo_Get                             0x00002630   Section        0  os_sleep_sema.o(i.osFifo_Get)
    i.osFifo_Init                            0x0000266c   Section        0  os_sleep_sema.o(i.osFifo_Init)
    i.osFifo_Put                             0x00002690   Section        0  os_sleep_sema.o(i.osFifo_Put)
    i.pushColor                              0x000026d0   Section        0  st7735.o(i.pushColor)
    pushColor                                0x000026d1   Thumb Code    18  st7735.o(i.pushColor)
    i.realmain                               0x000026e4   Section        0  lab3.o(i.realmain)
    i.setAddrWindow                          0x000027d4   Section        0  st7735.o(i.setAddrWindow)
    setAddrWindow                            0x000027d5   Thumb Code   106  st7735.o(i.setAddrWindow)
    i.upcount                                0x00002848   Section        0  os_sleep_sema.o(i.upcount)
    i.writecommand                           0x0000289c   Section        0  st7735.o(i.writecommand)
    writecommand                             0x0000289d   Thumb Code    68  st7735.o(i.writecommand)
    i.writedata                              0x000028ec   Section        0  st7735.o(i.writedata)
    writedata                                0x000028ed   Thumb Code    70  st7735.o(i.writedata)
    .constdata                               0x00002940   Section     2114  st7735.o(.constdata)
    Font                                     0x00002940   Data        1275  st7735.o(.constdata)
    Bcmd                                     0x00002e3b   Data         103  st7735.o(.constdata)
    Rcmd1                                    0x00002ea2   Data          59  st7735.o(.constdata)
    Rcmd2green                               0x00002edd   Data          13  st7735.o(.constdata)
    Rcmd2red                                 0x00002eea   Data          13  st7735.o(.constdata)
    Rcmd3                                    0x00002ef7   Data          43  st7735.o(.constdata)
    .constdata                               0x00003184   Section       64  irdistance.o(.constdata)
    .data                                    0x20000000   Section       48  st7735.o(.data)
    ColStart                                 0x2000000a   Data           1  st7735.o(.data)
    RowStart                                 0x2000000b   Data           1  st7735.o(.data)
    Rotation                                 0x2000000c   Data           1  st7735.o(.data)
    TabColor                                 0x2000000d   Data           1  st7735.o(.data)
    _width                                   0x2000000e   Data           2  st7735.o(.data)
    _height                                  0x20000010   Data           2  st7735.o(.data)
    .data                                    0x20000030   Section        8  adct0atrigger.o(.data)
    .data                                    0x20000038   Section      156  lpf.o(.data)
    n                                        0x200000d0   Data           4  lpf.o(.data)
    .data                                    0x200000d4   Section        4  wtimer0a.o(.data)
    .data                                    0x200000d8   Section       16  uart0int.o(.data)
    .data                                    0x200000e8   Section      152  lab3.o(.data)
    LastTime                                 0x2000016c   Data           4  lab3.o(.data)
    err                                      0x20000170   Data           2  lab3.o(.data)
    LastTime                                 0x20000174   Data           4  lab3.o(.data)
    i                                        0x20000178   Data           4  lab3.o(.data)
    result                                   0x2000017c   Data           4  lab3.o(.data)
    .data                                    0x20000180   Section       80  os_sleep_sema.o(.data)
    time                                     0x20000188   Data           4  os_sleep_sema.o(.data)
    osFifo                                   0x200001b4   Data           8  os_sleep_sema.o(.data)
    .data                                    0x200001d0   Section        4  timer2a.o(.data)
    .bss                                     0x200001d4   Section       12  st7735.o(.bss)
    .bss                                     0x200001e0   Section      496  lpf.o(.bss)
    x                                        0x200003a0   Data          24  lpf.o(.bss)
    y                                        0x200003b8   Data          24  lpf.o(.bss)
    .bss                                     0x200003d0   Section     2048  uart0int.o(.bss)
    RxFifo                                   0x200003d0   Data        1024  uart0int.o(.bss)
    TxFifo                                   0x200007d0   Data        1024  uart0int.o(.bss)
    .bss                                     0x20000bd0   Section      512  lab3.o(.bss)
    .bss                                     0x20000dd0   Section     4800  os_sleep_sema.o(.bss)
    STACK                                    0x20002090   Section     1024  startup.o(STACK)
    StackMem                                 0x20002090   Data           0  startup.o(STACK)

    Global Symbols

    Symbol Name                              Value     Ov Type        Size  Object(Section)

    BuildAttributes$$THM_ISAv4$E$P$D$K$B$S$7EM$PE$A:L22UL41UL21$X:L11$S22US41US21$IEEE1$IW$USESV6$~STKCKD$USESV7$~SHL$OSPACE$EBA8$MICROLIB$REQ8$PRES8$EABIv2 0x00000000   Number         0  anon$$obj.o ABSOLUTE
    __ARM_use_no_argv                        0x00000000   Number         0  lab3.o ABSOLUTE
    __Vectors                                0x00000000   Data           0  startup.o(RESET)
    __cpp_initialize__aeabi_                  - Undefined Weak Reference
    __cxa_finalize                            - Undefined Weak Reference
    _clock_init                               - Undefined Weak Reference
    _microlib_exit                            - Undefined Weak Reference
    Reset_Handler                            0x0000026d   Thumb Code     0  startup.o(RESET)
    NMI_Handler                              0x00000271   Thumb Code     2  startup.o(RESET)
    HardFault_Handler                        0x00000273   Thumb Code     2  startup.o(RESET)
    MemManage_Handler                        0x00000275   Thumb Code     2  startup.o(RESET)
    BusFault_Handler                         0x00000277   Thumb Code     2  startup.o(RESET)
    UsageFault_Handler                       0x00000279   Thumb Code     2  startup.o(RESET)
    SVC_Handler                              0x0000027b   Thumb Code     2  startup.o(RESET)
    DebugMon_Handler                         0x0000027d   Thumb Code     2  startup.o(RESET)
    ADC0Seq1_Handler                         0x00000283   Thumb Code     0  startup.o(RESET)
    ADC0Seq2_Handler                         0x00000283   Thumb Code     0  startup.o(RESET)
    ADC1Seq0_Handler                         0x00000283   Thumb Code     0  startup.o(RESET)
    ADC1Seq1_Handler                         0x00000283   Thumb Code     0  startup.o(RESET)
    ADC1Seq2_Handler                         0x00000283   Thumb Code     0  startup.o(RESET)
    ADC1Seq3_Handler                         0x00000283   Thumb Code     0  startup.o(RESET)
    CAN0_Handler                             0x00000283   Thumb Code     0  startup.o(RESET)
    CAN1_Handler                             0x00000283   Thumb Code     0  startup.o(RESET)
    CAN2_Handler                             0x00000283   Thumb Code     0  startup.o(RESET)
    Comp0_Handler                            0x00000283   Thumb Code     0  startup.o(RESET)
    Comp1_Handler                            0x00000283   Thumb Code     0  startup.o(RESET)
    Comp2_Handler                            0x00000283   Thumb Code     0  startup.o(RESET)
    Ethernet_Handler                         0x00000283   Thumb Code     0  startup.o(RESET)
    ExtBus_Handler                           0x00000283   Thumb Code     0  startup.o(RESET)
    FPU_Handler                              0x00000283   Thumb Code     0  startup.o(RESET)
    Fan0_Handler                             0x00000283   Thumb Code     0  startup.o(RESET)
    FlashCtl_Handler                         0x00000283   Thumb Code     0  startup.o(RESET)
    GPIOPortA_Handler                        0x00000283   Thumb Code     0  startup.o(RESET)
    GPIOPortB_Handler                        0x00000283   Thumb Code     0  startup.o(RESET)
    GPIOPortC_Handler                        0x00000283   Thumb Code     0  startup.o(RESET)
    GPIOPortD_Handler                        0x00000283   Thumb Code     0  startup.o(RESET)
    GPIOPortE_Handler                        0x00000283   Thumb Code     0  startup.o(RESET)
    GPIOPortG_Handler                        0x00000283   Thumb Code     0  startup.o(RESET)
    GPIOPortH_Handler                        0x00000283   Thumb Code     0  startup.o(RESET)
    GPIOPortJ_Handler                        0x00000283   Thumb Code     0  startup.o(RESET)
    GPIOPortK_Handler                        0x00000283   Thumb Code     0  startup.o(RESET)
    GPIOPortL_Handler                        0x00000283   Thumb Code     0  startup.o(RESET)
    GPIOPortM_Handler                        0x00000283   Thumb Code     0  startup.o(RESET)
    GPIOPortN_Handler                        0x00000283   Thumb Code     0  startup.o(RESET)
    GPIOPortP1_Handler                       0x00000283   Thumb Code     0  startup.o(RESET)
    GPIOPortP2_Handler                       0x00000283   Thumb Code     0  startup.o(RESET)
    GPIOPortP3_Handler                       0x00000283   Thumb Code     0  startup.o(RESET)
    GPIOPortP4_Handler                       0x00000283   Thumb Code     0  startup.o(RESET)
    GPIOPortP5_Handler                       0x00000283   Thumb Code     0  startup.o(RESET)
    GPIOPortP6_Handler                       0x00000283   Thumb Code     0  startup.o(RESET)
    GPIOPortP7_Handler                       0x00000283   Thumb Code     0  startup.o(RESET)
    GPIOPortP_Handler                        0x00000283   Thumb Code     0  startup.o(RESET)
    GPIOPortQ1_Handler                       0x00000283   Thumb Code     0  startup.o(RESET)
    GPIOPortQ2_Handler                       0x00000283   Thumb Code     0  startup.o(RESET)
    GPIOPortQ3_Handler                       0x00000283   Thumb Code     0  startup.o(RESET)
    GPIOPortQ4_Handler                       0x00000283   Thumb Code     0  startup.o(RESET)
    GPIOPortQ5_Handler                       0x00000283   Thumb Code     0  startup.o(RESET)
    GPIOPortQ6_Handler                       0x00000283   Thumb Code     0  startup.o(RESET)
    GPIOPortQ7_Handler                       0x00000283   Thumb Code     0  startup.o(RESET)
    GPIOPortQ_Handler                        0x00000283   Thumb Code     0  startup.o(RESET)
    GPIOPortR_Handler                        0x00000283   Thumb Code     0  startup.o(RESET)
    GPIOPortS_Handler                        0x00000283   Thumb Code     0  startup.o(RESET)
    Hibernate_Handler                        0x00000283   Thumb Code     0  startup.o(RESET)
    I2C0_Handler                             0x00000283   Thumb Code     0  startup.o(RESET)
    I2C1_Handler                             0x00000283   Thumb Code     0  startup.o(RESET)
    I2C2_Handler                             0x00000283   Thumb Code     0  startup.o(RESET)
    I2C3_Handler                             0x00000283   Thumb Code     0  startup.o(RESET)
    I2C4_Handler                             0x00000283   Thumb Code     0  startup.o(RESET)
    I2C5_Handler                             0x00000283   Thumb Code     0  startup.o(RESET)
    I2S0_Handler                             0x00000283   Thumb Code     0  startup.o(RESET)
    LPC0_Handler                             0x00000283   Thumb Code     0  startup.o(RESET)
    PECI0_Handler                            0x00000283   Thumb Code     0  startup.o(RESET)
    PWM0Fault_Handler                        0x00000283   Thumb Code     0  startup.o(RESET)
    PWM0Generator0_Handler                   0x00000283   Thumb Code     0  startup.o(RESET)
    PWM0Generator1_Handler                   0x00000283   Thumb Code     0  startup.o(RESET)
    PWM0Generator2_Handler                   0x00000283   Thumb Code     0  startup.o(RESET)
    PWM0Generator3_Handler                   0x00000283   Thumb Code     0  startup.o(RESET)
    PWM1Fault_Handler                        0x00000283   Thumb Code     0  startup.o(RESET)
    PWM1Generator0_Handler                   0x00000283   Thumb Code     0  startup.o(RESET)
    PWM1Generator1_Handler                   0x00000283   Thumb Code     0  startup.o(RESET)
    PWM1Generator2_Handler                   0x00000283   Thumb Code     0  startup.o(RESET)
    PWM1Generator3_Handler                   0x00000283   Thumb Code     0  startup.o(RESET)
    Quadrature0_Handler                      0x00000283   Thumb Code     0  startup.o(RESET)
    Quadrature1_Handler                      0x00000283   Thumb Code     0  startup.o(RESET)
    Quadrature2_Handler                      0x00000283   Thumb Code     0  startup.o(RESET)
    SSI0_Handler                             0x00000283   Thumb Code     0  startup.o(RESET)
    SSI1_Handler                             0x00000283   Thumb Code     0  startup.o(RESET)
    SSI2_Handler                             0x00000283   Thumb Code     0  startup.o(RESET)
    SSI3_Handler                             0x00000283   Thumb Code     0  startup.o(RESET)
    SysCtl_Handler                           0x00000283   Thumb Code     0  startup.o(RESET)
    Timer0A_Handler                          0x00000283   Thumb Code     0  startup.o(RESET)
    Timer0B_Handler                          0x00000283   Thumb Code     0  startup.o(RESET)
    Timer1A_Handler                          0x00000283   Thumb Code     0  startup.o(RESET)
    Timer1B_Handler                          0x00000283   Thumb Code     0  startup.o(RESET)
    Timer2B_Handler                          0x00000283   Thumb Code     0  startup.o(RESET)
    Timer3A_Handler                          0x00000283   Thumb Code     0  startup.o(RESET)
    Timer3B_Handler                          0x00000283   Thumb Code     0  startup.o(RESET)
    Timer4A_Handler                          0x00000283   Thumb Code     0  startup.o(RESET)
    Timer4B_Handler                          0x00000283   Thumb Code     0  startup.o(RESET)
    Timer5A_Handler                          0x00000283   Thumb Code     0  startup.o(RESET)
    Timer5B_Handler                          0x00000283   Thumb Code     0  startup.o(RESET)
    UART1_Handler                            0x00000283   Thumb Code     0  startup.o(RESET)
    UART2_Handler                            0x00000283   Thumb Code     0  startup.o(RESET)
    UART3_Handler                            0x00000283   Thumb Code     0  startup.o(RESET)
    UART4_Handler                            0x00000283   Thumb Code     0  startup.o(RESET)
    UART5_Handler                            0x00000283   Thumb Code     0  startup.o(RESET)
    UART6_Handler                            0x00000283   Thumb Code     0  startup.o(RESET)
    UART7_Handler                            0x00000283   Thumb Code     0  startup.o(RESET)
    USB0_Handler                             0x00000283   Thumb Code     0  startup.o(RESET)
    WDT_Handler                              0x00000283   Thumb Code     0  startup.o(RESET)
    WideTimer0B_Handler                      0x00000283   Thumb Code     0  startup.o(RESET)
    WideTimer1A_Handler                      0x00000283   Thumb Code     0  startup.o(RESET)
    WideTimer1B_Handler                      0x00000283   Thumb Code     0  startup.o(RESET)
    WideTimer2A_Handler                      0x00000283   Thumb Code     0  startup.o(RESET)
    WideTimer2B_Handler                      0x00000283   Thumb Code     0  startup.o(RESET)
    WideTimer3A_Handler                      0x00000283   Thumb Code     0  startup.o(RESET)
    WideTimer3B_Handler                      0x00000283   Thumb Code     0  startup.o(RESET)
    WideTimer4A_Handler                      0x00000283   Thumb Code     0  startup.o(RESET)
    WideTimer4B_Handler                      0x00000283   Thumb Code     0  startup.o(RESET)
    WideTimer5A_Handler                      0x00000283   Thumb Code     0  startup.o(RESET)
    WideTimer5B_Handler                      0x00000283   Thumb Code     0  startup.o(RESET)
    uDMA_Error                               0x00000283   Thumb Code     0  startup.o(RESET)
    uDMA_Handler                             0x00000283   Thumb Code     0  startup.o(RESET)
    __main                                   0x00000285   Thumb Code     0  entry.o(.ARM.Collect$$$$00000000)
    _main_stk                                0x00000285   Thumb Code     0  entry2.o(.ARM.Collect$$$$00000001)
    _main_scatterload                        0x00000289   Thumb Code     0  entry5.o(.ARM.Collect$$$$00000004)
    __main_after_scatterload                 0x0000028d   Thumb Code     0  entry5.o(.ARM.Collect$$$$00000004)
    _main_clock                              0x0000028d   Thumb Code     0  entry7b.o(.ARM.Collect$$$$00000008)
    _main_cpp_init                           0x0000028d   Thumb Code     0  entry8b.o(.ARM.Collect$$$$0000000A)
    _main_init                               0x0000028d   Thumb Code     0  entry9a.o(.ARM.Collect$$$$0000000B)
    __rt_final_cpp                           0x00000295   Thumb Code     0  entry10a.o(.ARM.Collect$$$$0000000D)
    __rt_final_exit                          0x00000295   Thumb Code     0  entry11a.o(.ARM.Collect$$$$0000000F)
    DisableInterrupts                        0x00000299   Thumb Code     0  startup.o(.text)
    EnableInterrupts                         0x0000029d   Thumb Code     0  startup.o(.text)
    StartCritical                            0x000002a1   Thumb Code     0  startup.o(.text)
    EndCritical                              0x000002a9   Thumb Code     0  startup.o(.text)
    WaitForInterrupt                         0x000002af   Thumb Code     0  startup.o(.text)
    cr4_fft_64_stm32                         0x000002b5   Thumb Code     0  cr4_fft_64_stm32.o(.text)
    PID_stm32                                0x00000585   Thumb Code     0  pid_stm32.o(.text)
    OS_DisableInterrupts                     0x000005cd   Thumb Code     0  osasm.o(.text)
    OS_EnableInterrupts                      0x000005d1   Thumb Code     0  osasm.o(.text)
    StartOS                                  0x000005d5   Thumb Code     0  osasm.o(.text)
    ContextSwitch                            0x000005f7   Thumb Code     0  osasm.o(.text)
    PendSV_Handler                           0x00000601   Thumb Code     0  osasm.o(.text)
    strlen                                   0x00000631   Thumb Code    14  strlen.o(.text)
    __scatterload                            0x00000641   Thumb Code    28  init.o(.text)
    __scatterload_rt2                        0x00000641   Thumb Code     0  init.o(.text)
    __decompress                             0x00000665   Thumb Code     0  __dczerorl.o(.text)
    __decompress0                            0x00000665   Thumb Code    58  __dczerorl.o(.text)
    ADC0Seq0_Handler                         0x000006a1   Thumb Code    26  adct0atrigger.o(i.ADC0Seq0_Handler)
    ADC0Seq3_Handler                         0x000006c5   Thumb Code    18  adct0atrigger.o(i.ADC0Seq3_Handler)
    ADC0_InitTimer0ATriggerSeq0              0x000006e1   Thumb Code  1112  adct0atrigger.o(i.ADC0_InitTimer0ATriggerSeq0)
    ADC_In                                   0x00000b41   Thumb Code    38  adc.o(i.ADC_In)
    ADC_Init                                 0x00000b6d   Thumb Code   980  adc.o(i.ADC_Init)
    ButtonWork                               0x00000f69   Thumb Code   112  lab3.o(i.ButtonWork)
    CS_Init                                  0x0000102d   Thumb Code   118  edisk.o(i.CS_Init)
    Consumer                                 0x000010b9   Thumb Code   108  lab3.o(i.Consumer)
    DAS                                      0x00001141   Thumb Code   100  lab3.o(i.DAS)
    Delay1ms                                 0x000011bd   Thumb Code    32  st7735.o(i.Delay1ms)
    Display                                  0x000011dd   Thumb Code   108  lab3.o(i.Display)
    EdgeCounterPortF0_Init                   0x00001271   Thumb Code   178  os_sleep_sema.o(i.EdgeCounterPortF0_Init)
    EdgeCounterPortF4_Init                   0x0000133d   Thumb Code   190  os_sleep_sema.o(i.EdgeCounterPortF4_Init)
    Filter                                   0x00001419   Thumb Code   186  lpf.o(i.Filter)
    GPIOPortF_Handler                        0x000014e1   Thumb Code    86  os_sleep_sema.o(i.GPIOPortF_Handler)
    IRDistance_Convert                       0x00001549   Thumb Code    46  irdistance.o(i.IRDistance_Convert)
    Idle                                     0x00001589   Thumb Code    56  lab3.o(i.Idle)
    Interpreter                              0x000015d1   Thumb Code     4  interpreter.o(i.Interpreter)
    OS_AddPeriodicThread                     0x000015d5   Thumb Code    22  os_sleep_sema.o(i.OS_AddPeriodicThread)
    OS_AddSW1Task                            0x000015eb   Thumb Code    16  os_sleep_sema.o(i.OS_AddSW1Task)
    OS_AddSW2Task                            0x000015fb   Thumb Code    16  os_sleep_sema.o(i.OS_AddSW2Task)
    OS_AddThread                             0x0000160d   Thumb Code   206  os_sleep_sema.o(i.OS_AddThread)
    OS_ClearMsTime                           0x000016e9   Thumb Code     8  os_sleep_sema.o(i.OS_ClearMsTime)
    OS_Fifo_Get                              0x000016f5   Thumb Code    30  os_sleep_sema.o(i.OS_Fifo_Get)
    OS_Fifo_Init                             0x0000171d   Thumb Code    26  os_sleep_sema.o(i.OS_Fifo_Init)
    OS_Fifo_Put                              0x00001741   Thumb Code    58  os_sleep_sema.o(i.OS_Fifo_Put)
    OS_Id                                    0x00001785   Thumb Code     8  os_sleep_sema.o(i.OS_Id)
    OS_Init                                  0x00001791   Thumb Code    30  os_sleep_sema.o(i.OS_Init)
    OS_InitSemaphore                         0x000017b9   Thumb Code     4  os_sleep_sema.o(i.OS_InitSemaphore)
    OS_Kill                                  0x000017bd   Thumb Code   134  os_sleep_sema.o(i.OS_Kill)
    OS_Launch                                0x00001855   Thumb Code    22  os_sleep_sema.o(i.OS_Launch)
    OS_MailBox_Init                          0x00001875   Thumb Code    24  os_sleep_sema.o(i.OS_MailBox_Init)
    OS_MailBox_Recv                          0x00001895   Thumb Code    24  os_sleep_sema.o(i.OS_MailBox_Recv)
    OS_MailBox_Send                          0x000018b9   Thumb Code    26  os_sleep_sema.o(i.OS_MailBox_Send)
    OS_MsTime                                0x000018e1   Thumb Code     6  os_sleep_sema.o(i.OS_MsTime)
    OS_Signal                                0x000018ed   Thumb Code    24  os_sleep_sema.o(i.OS_Signal)
    OS_Sleep                                 0x00001905   Thumb Code    16  os_sleep_sema.o(i.OS_Sleep)
    OS_Suspend                               0x00001919   Thumb Code    40  os_sleep_sema.o(i.OS_Suspend)
    OS_Time                                  0x00001949   Thumb Code    24  os_sleep_sema.o(i.OS_Time)
    OS_TimeDifference                        0x0000196d   Thumb Code     6  os_sleep_sema.o(i.OS_TimeDifference)
    OS_Wait                                  0x00001973   Thumb Code    36  os_sleep_sema.o(i.OS_Wait)
    OS_bSignal                               0x00001997   Thumb Code    22  os_sleep_sema.o(i.OS_bSignal)
    OS_bWait                                 0x000019ad   Thumb Code    34  os_sleep_sema.o(i.OS_bWait)
    OS_jittermeasurement                     0x000019d1   Thumb Code    76  os_sleep_sema.o(i.OS_jittermeasurement)
    PID                                      0x00001a21   Thumb Code    80  lab3.o(i.PID)
    PLL_Init                                 0x00001a8d   Thumb Code   120  pll.o(i.PLL_Init)
    PortD_Init                               0x00001b09   Thumb Code    88  lab3.o(i.PortD_Init)
    Producer                                 0x00001b71   Thumb Code    44  lab3.o(i.Producer)
    RxFifo_Put                               0x00001ba5   Thumb Code    48  uart0int.o(i.RxFifo_Put)
    RxFifo_Size                              0x00001be1   Thumb Code    14  uart0int.o(i.RxFifo_Size)
    ST7735_DrawCharS                         0x00001bf9   Thumb Code   236  st7735.o(i.ST7735_DrawCharS)
    ST7735_DrawPixel                         0x00001cf1   Thumb Code    64  st7735.o(i.ST7735_DrawPixel)
    ST7735_DrawString                        0x00001d39   Thumb Code    86  st7735.o(i.ST7735_DrawString)
    ST7735_FillRect                          0x00001d91   Thumb Code   164  st7735.o(i.ST7735_FillRect)
    ST7735_FillScreen                        0x00001e3d   Thumb Code    28  st7735.o(i.ST7735_FillScreen)
    ST7735_InitR                             0x00001e61   Thumb Code    98  st7735.o(i.ST7735_InitR)
    ST7735_Message                           0x00001ee9   Thumb Code   132  st7735.o(i.ST7735_Message)
    ST7735_OutUDec                           0x00001f75   Thumb Code   118  st7735.o(i.ST7735_OutUDec)
    ST7735_SetCursor                         0x00002001   Thumb Code    22  st7735.o(i.ST7735_SetCursor)
    SW1Push                                  0x00002021   Thumb Code    38  lab3.o(i.SW1Push)
    SW2Push                                  0x00002051   Thumb Code    38  lab3.o(i.SW2Push)
    SetInitialStack                          0x00002081   Thumb Code   228  os_sleep_sema.o(i.SetInitialStack)
    SysTick_Handler                          0x0000216d   Thumb Code    18  os_sleep_sema.o(i.SysTick_Handler)
    SysTick_Init                             0x00002185   Thumb Code    74  os_sleep_sema.o(i.SysTick_Init)
    Timer2A_Handler                          0x000021d5   Thumb Code    16  timer2a.o(i.Timer2A_Handler)
    Timer2A_Init                             0x000021ed   Thumb Code    76  timer2a.o(i.Timer2A_Init)
    TxFifo_Get                               0x0000224d   Thumb Code    46  uart0int.o(i.TxFifo_Get)
    TxFifo_Size                              0x00002289   Thumb Code    14  uart0int.o(i.TxFifo_Size)
    UART0_Handler                            0x000022a1   Thumb Code    82  uart0int.o(i.UART0_Handler)
    WideTimer0A_Handler                      0x000022f9   Thumb Code    16  wtimer0a.o(i.WideTimer0A_Handler)
    WideTimer0A_Init                         0x00002311   Thumb Code    78  wtimer0a.o(i.WideTimer0A_Init)
    __scatterload_copy                       0x00002375   Thumb Code    14  handlers.o(i.__scatterload_copy)
    __scatterload_null                       0x00002383   Thumb Code     2  handlers.o(i.__scatterload_null)
    __scatterload_zeroinit                   0x00002385   Thumb Code    14  handlers.o(i.__scatterload_zeroinit)
    dummyADC                                 0x000025cd   Thumb Code     2  adct0atrigger.o(i.dummyADC)
    fillmessage                              0x000025d1   Thumb Code    64  st7735.o(i.fillmessage)
    main                                     0x00002619   Thumb Code    18  lab3.o(i.main)
    osFifo_Get                               0x00002631   Thumb Code    48  os_sleep_sema.o(i.osFifo_Get)
    osFifo_Init                              0x0000266d   Thumb Code    26  os_sleep_sema.o(i.osFifo_Init)
    osFifo_Put                               0x00002691   Thumb Code    50  os_sleep_sema.o(i.osFifo_Put)
    realmain                                 0x000026e5   Thumb Code   170  lab3.o(i.realmain)
    upcount                                  0x00002849   Thumb Code    74  os_sleep_sema.o(i.upcount)
    smallCircle                              0x00002f22   Data          36  st7735.o(.constdata)
    circle                                   0x00002f46   Data          60  st7735.o(.constdata)
    dBfs                                     0x00002f82   Data         512  st7735.o(.constdata)
    A                                        0x00003184   Data          16  irdistance.o(.constdata)
    B                                        0x00003194   Data          16  irdistance.o(.constdata)
    C                                        0x000031a4   Data          16  irdistance.o(.constdata)
    IRmax                                    0x000031b4   Data          16  irdistance.o(.constdata)
    Region$$Table$$Base                      0x000031c4   Number         0  anon$$obj.o(Region$$Table)
    Region$$Table$$Limit                     0x000031e4   Number         0  anon$$obj.o(Region$$Table)
    StX                                      0x20000000   Data           4  st7735.o(.data)
    StY                                      0x20000004   Data           4  st7735.o(.data)
    StTextColor                              0x20000008   Data           2  st7735.o(.data)
    LCDFree                                  0x20000014   Data           4  st7735.o(.data)
    Messageindex                             0x20000018   Data           4  st7735.o(.data)
    Ymax                                     0x2000001c   Data           4  st7735.o(.data)
    Ymin                                     0x20000020   Data           4  st7735.o(.data)
    X                                        0x20000024   Data           4  st7735.o(.data)
    Yrange                                   0x20000028   Data           4  st7735.o(.data)
    lastj                                    0x2000002c   Data           4  st7735.o(.data)
    ADCTask                                  0x20000030   Data           4  adct0atrigger.o(.data)
    PD3data                                  0x20000034   Data           4  adct0atrigger.o(.data)
    Size1                                    0x20000038   Data           4  lpf.o(.data)
    I1                                       0x2000003c   Data           4  lpf.o(.data)
    LPFSum1                                  0x20000040   Data           4  lpf.o(.data)
    sigma1                                   0x20000044   Data           4  lpf.o(.data)
    snr1                                     0x20000048   Data           4  lpf.o(.data)
    Size2                                    0x2000004c   Data           4  lpf.o(.data)
    I2                                       0x20000050   Data           4  lpf.o(.data)
    LPFSum2                                  0x20000054   Data           4  lpf.o(.data)
    sigma2                                   0x20000058   Data           4  lpf.o(.data)
    snr2                                     0x2000005c   Data           4  lpf.o(.data)
    Size3                                    0x20000060   Data           4  lpf.o(.data)
    I3                                       0x20000064   Data           4  lpf.o(.data)
    LPFSum3                                  0x20000068   Data           4  lpf.o(.data)
    sigma3                                   0x2000006c   Data           4  lpf.o(.data)
    snr3                                     0x20000070   Data           4  lpf.o(.data)
    Size4                                    0x20000074   Data           4  lpf.o(.data)
    I4                                       0x20000078   Data           4  lpf.o(.data)
    LPFSum4                                  0x2000007c   Data           4  lpf.o(.data)
    sigma4                                   0x20000080   Data           4  lpf.o(.data)
    snr4                                     0x20000084   Data           4  lpf.o(.data)
    Size5                                    0x20000088   Data           4  lpf.o(.data)
    I5                                       0x2000008c   Data           4  lpf.o(.data)
    LPFSum5                                  0x20000090   Data           4  lpf.o(.data)
    sigma5                                   0x20000094   Data           4  lpf.o(.data)
    snr5                                     0x20000098   Data           4  lpf.o(.data)
    Size6                                    0x2000009c   Data           4  lpf.o(.data)
    I6                                       0x200000a0   Data           4  lpf.o(.data)
    LPFSum6                                  0x200000a4   Data           4  lpf.o(.data)
    sigma6                                   0x200000a8   Data           4  lpf.o(.data)
    snr6                                     0x200000ac   Data           4  lpf.o(.data)
    Size7                                    0x200000b0   Data           4  lpf.o(.data)
    I7                                       0x200000b4   Data           4  lpf.o(.data)
    LPFSum7                                  0x200000b8   Data           4  lpf.o(.data)
    sigma7                                   0x200000bc   Data           4  lpf.o(.data)
    snr7                                     0x200000c0   Data           4  lpf.o(.data)
    u1                                       0x200000c4   Data           4  lpf.o(.data)
    u2                                       0x200000c8   Data           4  lpf.o(.data)
    u3                                       0x200000cc   Data           4  lpf.o(.data)
    WidePeriodicTask0                        0x200000d4   Data           4  wtimer0a.o(.data)
    RxPutI                                   0x200000d8   Data           4  uart0int.o(.data)
    RxGetI                                   0x200000dc   Data           4  uart0int.o(.data)
    TxPutI                                   0x200000e0   Data           4  uart0int.o(.data)
    TxGetI                                   0x200000e4   Data           4  uart0int.o(.data)
    NumCreated                               0x200000e8   Data           4  lab3.o(.data)
    IdleCount                                0x200000ec   Data           4  lab3.o(.data)
    PIDWork                                  0x200000f0   Data           4  lab3.o(.data)
    FilterWork                               0x200000f4   Data           4  lab3.o(.data)
    NumSamples                               0x200000f8   Data           4  lab3.o(.data)
    IdleCountRef                             0x200000fc   Data           4  lab3.o(.data)
    CPUUtil                                  0x20000100   Data           4  lab3.o(.data)
    DataLost                                 0x20000104   Data           4  lab3.o(.data)
    DASoutput                                0x20000108   Data           4  lab3.o(.data)
    STsema                                   0x2000010c   Data           4  lab3.o(.data)
    IntTerm                                  0x20000110   Data           2  lab3.o(.data)
    PrevError                                0x20000112   Data           2  lab3.o(.data)
    Coeff                                    0x20000114   Data           6  lab3.o(.data)
    Actuator                                 0x2000011a   Data           2  lab3.o(.data)
    Count1                                   0x2000011c   Data           4  lab3.o(.data)
    Count2                                   0x20000120   Data           4  lab3.o(.data)
    Count3                                   0x20000124   Data           4  lab3.o(.data)
    Count4                                   0x20000128   Data           4  lab3.o(.data)
    Count5                                   0x2000012c   Data           4  lab3.o(.data)
    Readyd                                   0x20000130   Data           4  lab3.o(.data)
    Lost                                     0x20000134   Data           4  lab3.o(.data)
    Readye                                   0x20000138   Data           4  lab3.o(.data)
    CountA                                   0x2000013c   Data           4  lab3.o(.data)
    CountB                                   0x20000140   Data           4  lab3.o(.data)
    s                                        0x20000144   Data           4  lab3.o(.data)
    SignalCount1                             0x20000148   Data           4  lab3.o(.data)
    SignalCount2                             0x2000014c   Data           4  lab3.o(.data)
    SignalCount3                             0x20000150   Data           4  lab3.o(.data)
    WaitCount1                               0x20000154   Data           4  lab3.o(.data)
    WaitCount2                               0x20000158   Data           4  lab3.o(.data)
    WaitCount3                               0x2000015c   Data           4  lab3.o(.data)
    OtherCount1                              0x20000160   Data           4  lab3.o(.data)
    Expected8                                0x20000164   Data           4  lab3.o(.data)
    Error8                                   0x20000168   Data           4  lab3.o(.data)
    MaxJitter                                0x20000180   Data           4  os_sleep_sema.o(.data)
    MaxJitter2                               0x20000184   Data           4  os_sleep_sema.o(.data)
    FallingEdges                             0x2000018c   Data           4  os_sleep_sema.o(.data)
    RunPt                                    0x20000190   Data           4  os_sleep_sema.o(.data)
    NextPt                                   0x20000194   Data           4  os_sleep_sema.o(.data)
    ST_sema                                  0x20000198   Data           4  os_sleep_sema.o(.data)
    foo1                                     0x2000019c   Data           4  os_sleep_sema.o(.data)
    GPIOF4HandlerFunction                    0x200001a0   Data           4  os_sleep_sema.o(.data)
    GPIOF0HandlerFunction                    0x200001a4   Data           4  os_sleep_sema.o(.data)
    foo                                      0x200001a8   Data           4  os_sleep_sema.o(.data)
    osPutI                                   0x200001ac   Data           4  os_sleep_sema.o(.data)
    osGetI                                   0x200001b0   Data           4  os_sleep_sema.o(.data)
    room_left                                0x200001bc   Data           4  os_sleep_sema.o(.data)
    data_s                                   0x200001c0   Data           4  os_sleep_sema.o(.data)
    insema                                   0x200001c4   Data           4  os_sleep_sema.o(.data)
    outsema                                  0x200001c8   Data           4  os_sleep_sema.o(.data)
    mailbox                                  0x200001cc   Data           4  os_sleep_sema.o(.data)
    PeriodicTask2                            0x200001d0   Data           4  timer2a.o(.data)
    Message                                  0x200001d4   Data          12  st7735.o(.bss)
    x1                                       0x200001e0   Data          64  lpf.o(.bss)
    x2                                       0x20000220   Data          64  lpf.o(.bss)
    x3                                       0x20000260   Data          64  lpf.o(.bss)
    x4                                       0x200002a0   Data          64  lpf.o(.bss)
    x5                                       0x200002e0   Data          64  lpf.o(.bss)
    x6                                       0x20000320   Data          64  lpf.o(.bss)
    x7                                       0x20000360   Data          64  lpf.o(.bss)
    x                                        0x20000bd0   Data         256  lab3.o(.bss)
    y                                        0x20000cd0   Data         256  lab3.o(.bss)
    JitterHistogram                          0x20000dd0   Data         256  os_sleep_sema.o(.bss)
    JitterHistogram2                         0x20000ed0   Data         256  os_sleep_sema.o(.bss)
    tcbs                                     0x20000fd0   Data         192  os_sleep_sema.o(.bss)
    Stacks                                   0x20001090   Data        4096  os_sleep_sema.o(.bss)
    __initial_sp                             0x20002490   Data           0  startup.o(STACK)



==============================================================================

Memory Map of the image

  Image Entry point : 0x0000026d

  Load Region LR_1 (Base: 0x00000000, Size: 0x000033b8, Max: 0xffffffff, ABSOLUTE, COMPRESSED[0x00003200])

    Execution Region ER_RO (Exec base: 0x00000000, Load base: 0x00000000, Size: 0x000031e4, Max: 0xffffffff, ABSOLUTE)

    Exec Addr    Load Addr    Size         Type   Attr      Idx    E Section Name        Object

    0x00000000   0x00000000   0x00000284   Code   RO            3  * RESET               startup.o
    0x00000284   0x00000284   0x00000000   Code   RO         1822  * .ARM.Collect$$$$00000000  mc_w.l(entry.o)
    0x00000284   0x00000284   0x00000004   Code   RO         1829    .ARM.Collect$$$$00000001  mc_w.l(entry2.o)
    0x00000288   0x00000288   0x00000004   Code   RO         1832    .ARM.Collect$$$$00000004  mc_w.l(entry5.o)
    0x0000028c   0x0000028c   0x00000000   Code   RO         1834    .ARM.Collect$$$$00000008  mc_w.l(entry7b.o)
    0x0000028c   0x0000028c   0x00000000   Code   RO         1836    .ARM.Collect$$$$0000000A  mc_w.l(entry8b.o)
    0x0000028c   0x0000028c   0x00000008   Code   RO         1837    .ARM.Collect$$$$0000000B  mc_w.l(entry9a.o)
    0x00000294   0x00000294   0x00000000   Code   RO         1839    .ARM.Collect$$$$0000000D  mc_w.l(entry10a.o)
    0x00000294   0x00000294   0x00000000   Code   RO         1841    .ARM.Collect$$$$0000000F  mc_w.l(entry11a.o)
    0x00000294   0x00000294   0x00000004   Code   RO         1830    .ARM.Collect$$$$00002712  mc_w.l(entry2.o)
    0x00000298   0x00000298   0x0000001c   Code   RO            4    .text               startup.o
    0x000002b4   0x000002b4   0x000002ce   Code   RO          897    .text               cr4_fft_64_stm32.o
    0x00000582   0x00000582   0x00000002   PAD
    0x00000584   0x00000584   0x00000048   Code   RO          900    .text               pid_stm32.o
    0x000005cc   0x000005cc   0x00000064   Code   RO          903    .text               osasm.o
    0x00000630   0x00000630   0x0000000e   Code   RO         1825    .text               mc_w.l(strlen.o)
    0x0000063e   0x0000063e   0x00000002   PAD
    0x00000640   0x00000640   0x00000024   Code   RO         1843    .text               mc_w.l(init.o)
    0x00000664   0x00000664   0x0000003a   Code   RO         1853    .text               mc_w.l(__dczerorl.o)
    0x0000069e   0x0000069e   0x00000002   PAD
    0x000006a0   0x000006a0   0x00000024   Code   RO          482    i.ADC0Seq0_Handler  adct0atrigger.o
    0x000006c4   0x000006c4   0x0000001c   Code   RO          483    i.ADC0Seq3_Handler  adct0atrigger.o
    0x000006e0   0x000006e0   0x00000460   Code   RO          484    i.ADC0_InitTimer0ATriggerSeq0  adct0atrigger.o
    0x00000b40   0x00000b40   0x0000002c   Code   RO         1474    i.ADC_In            adc.o
    0x00000b6c   0x00000b6c   0x000003fc   Code   RO         1475    i.ADC_Init          adc.o
    0x00000f68   0x00000f68   0x000000c4   Code   RO         1090    i.ButtonWork        lab3.o
    0x0000102c   0x0000102c   0x0000008c   Code   RO          702    i.CS_Init           edisk.o
    0x000010b8   0x000010b8   0x00000088   Code   RO         1091    i.Consumer          lab3.o
    0x00001140   0x00001140   0x0000007c   Code   RO         1093    i.DAS               lab3.o
    0x000011bc   0x000011bc   0x00000020   Code   RO          121    i.Delay1ms          st7735.o
    0x000011dc   0x000011dc   0x00000094   Code   RO         1094    i.Display           lab3.o
    0x00001270   0x00001270   0x000000cc   Code   RO         1492    i.EdgeCounterPortF0_Init  os_sleep_sema.o
    0x0000133c   0x0000133c   0x000000dc   Code   RO         1493    i.EdgeCounterPortF4_Init  os_sleep_sema.o
    0x00001418   0x00001418   0x000000c8   Code   RO          521    i.Filter            lpf.o
    0x000014e0   0x000014e0   0x00000068   Code   RO         1494    i.GPIOPortF_Handler  os_sleep_sema.o
    0x00001548   0x00001548   0x00000040   Code   RO         1070    i.IRDistance_Convert  irdistance.o
    0x00001588   0x00001588   0x00000048   Code   RO         1096    i.Idle              lab3.o
    0x000015d0   0x000015d0   0x00000004   Code   RO           12    i.Interpreter       interpreter.o
    0x000015d4   0x000015d4   0x00000016   Code   RO         1495    i.OS_AddPeriodicThread  os_sleep_sema.o
    0x000015ea   0x000015ea   0x00000010   Code   RO         1496    i.OS_AddSW1Task     os_sleep_sema.o
    0x000015fa   0x000015fa   0x00000010   Code   RO         1497    i.OS_AddSW2Task     os_sleep_sema.o
    0x0000160a   0x0000160a   0x00000002   PAD
    0x0000160c   0x0000160c   0x000000dc   Code   RO         1498    i.OS_AddThread      os_sleep_sema.o
    0x000016e8   0x000016e8   0x0000000c   Code   RO         1499    i.OS_ClearMsTime    os_sleep_sema.o
    0x000016f4   0x000016f4   0x00000028   Code   RO         1501    i.OS_Fifo_Get       os_sleep_sema.o
    0x0000171c   0x0000171c   0x00000024   Code   RO         1502    i.OS_Fifo_Init      os_sleep_sema.o
    0x00001740   0x00001740   0x00000044   Code   RO         1503    i.OS_Fifo_Put       os_sleep_sema.o
    0x00001784   0x00001784   0x0000000c   Code   RO         1505    i.OS_Id             os_sleep_sema.o
    0x00001790   0x00001790   0x00000028   Code   RO         1506    i.OS_Init           os_sleep_sema.o
    0x000017b8   0x000017b8   0x00000004   Code   RO         1507    i.OS_InitSemaphore  os_sleep_sema.o
    0x000017bc   0x000017bc   0x00000098   Code   RO         1508    i.OS_Kill           os_sleep_sema.o
    0x00001854   0x00001854   0x00000020   Code   RO         1509    i.OS_Launch         os_sleep_sema.o
    0x00001874   0x00001874   0x00000020   Code   RO         1511    i.OS_MailBox_Init   os_sleep_sema.o
    0x00001894   0x00001894   0x00000024   Code   RO         1512    i.OS_MailBox_Recv   os_sleep_sema.o
    0x000018b8   0x000018b8   0x00000028   Code   RO         1513    i.OS_MailBox_Send   os_sleep_sema.o
    0x000018e0   0x000018e0   0x0000000c   Code   RO         1514    i.OS_MsTime         os_sleep_sema.o
    0x000018ec   0x000018ec   0x00000018   Code   RO         1518    i.OS_Signal         os_sleep_sema.o
    0x00001904   0x00001904   0x00000014   Code   RO         1519    i.OS_Sleep          os_sleep_sema.o
    0x00001918   0x00001918   0x00000030   Code   RO         1520    i.OS_Suspend        os_sleep_sema.o
    0x00001948   0x00001948   0x00000024   Code   RO         1521    i.OS_Time           os_sleep_sema.o
    0x0000196c   0x0000196c   0x00000006   Code   RO         1522    i.OS_TimeDifference  os_sleep_sema.o
    0x00001972   0x00001972   0x00000024   Code   RO         1524    i.OS_Wait           os_sleep_sema.o
    0x00001996   0x00001996   0x00000016   Code   RO         1525    i.OS_bSignal        os_sleep_sema.o
    0x000019ac   0x000019ac   0x00000022   Code   RO         1526    i.OS_bWait          os_sleep_sema.o
    0x000019ce   0x000019ce   0x00000002   PAD
    0x000019d0   0x000019d0   0x00000050   Code   RO         1527    i.OS_jittermeasurement  os_sleep_sema.o
    0x00001a20   0x00001a20   0x0000006c   Code   RO         1098    i.PID               lab3.o
    0x00001a8c   0x00001a8c   0x0000007c   Code   RO          106    i.PLL_Init          pll.o
    0x00001b08   0x00001b08   0x00000068   Code   RO         1099    i.PortD_Init        lab3.o
    0x00001b70   0x00001b70   0x00000034   Code   RO         1100    i.Producer          lab3.o
    0x00001ba4   0x00001ba4   0x0000003c   Code   RO          909    i.RxFifo_Put        uart0int.o
    0x00001be0   0x00001be0   0x00000018   Code   RO          910    i.RxFifo_Size       uart0int.o
    0x00001bf8   0x00001bf8   0x000000f8   Code   RO          125    i.ST7735_DrawCharS  st7735.o
    0x00001cf0   0x00001cf0   0x00000048   Code   RO          129    i.ST7735_DrawPixel  st7735.o
    0x00001d38   0x00001d38   0x00000056   Code   RO          131    i.ST7735_DrawString  st7735.o
    0x00001d8e   0x00001d8e   0x00000002   PAD
    0x00001d90   0x00001d90   0x000000ac   Code   RO          132    i.ST7735_FillRect   st7735.o
    0x00001e3c   0x00001e3c   0x00000024   Code   RO          133    i.ST7735_FillScreen  st7735.o
    0x00001e60   0x00001e60   0x00000088   Code   RO          135    i.ST7735_InitR      st7735.o
    0x00001ee8   0x00001ee8   0x0000008c   Code   RO          137    i.ST7735_Message    st7735.o
    0x00001f74   0x00001f74   0x0000008c   Code   RO          140    i.ST7735_OutUDec    st7735.o
    0x00002000   0x00002000   0x00000020   Code   RO          152    i.ST7735_SetCursor  st7735.o
    0x00002020   0x00002020   0x00000030   Code   RO         1102    i.SW1Push           lab3.o
    0x00002050   0x00002050   0x00000030   Code   RO         1103    i.SW2Push           lab3.o
    0x00002080   0x00002080   0x000000ec   Code   RO         1528    i.SetInitialStack   os_sleep_sema.o
    0x0000216c   0x0000216c   0x00000018   Code   RO         1529    i.SysTick_Handler   os_sleep_sema.o
    0x00002184   0x00002184   0x00000050   Code   RO         1530    i.SysTick_Init      os_sleep_sema.o
    0x000021d4   0x000021d4   0x00000018   Code   RO         1795    i.Timer2A_Handler   timer2a.o
    0x000021ec   0x000021ec   0x00000060   Code   RO         1796    i.Timer2A_Init      timer2a.o
    0x0000224c   0x0000224c   0x0000003c   Code   RO          911    i.TxFifo_Get        uart0int.o
    0x00002288   0x00002288   0x00000018   Code   RO          914    i.TxFifo_Size       uart0int.o
    0x000022a0   0x000022a0   0x00000058   Code   RO          915    i.UART0_Handler     uart0int.o
    0x000022f8   0x000022f8   0x00000018   Code   RO          675    i.WideTimer0A_Handler  wtimer0a.o
    0x00002310   0x00002310   0x00000064   Code   RO          676    i.WideTimer0A_Init  wtimer0a.o
    0x00002374   0x00002374   0x0000000e   Code   RO         1847    i.__scatterload_copy  mc_w.l(handlers.o)
    0x00002382   0x00002382   0x00000002   Code   RO         1848    i.__scatterload_null  mc_w.l(handlers.o)
    0x00002384   0x00002384   0x0000000e   Code   RO         1849    i.__scatterload_zeroinit  mc_w.l(handlers.o)
    0x00002392   0x00002392   0x00000056   Code   RO          156    i.commandList       st7735.o
    0x000023e8   0x000023e8   0x0000018c   Code   RO          157    i.commonInit        st7735.o
    0x00002574   0x00002574   0x0000002c   Code   RO          929    i.copyHardwareToSoftware  uart0int.o
    0x000025a0   0x000025a0   0x0000002c   Code   RO          930    i.copySoftwareToHardware  uart0int.o
    0x000025cc   0x000025cc   0x00000002   Code   RO          486    i.dummyADC          adct0atrigger.o
    0x000025ce   0x000025ce   0x00000002   PAD
    0x000025d0   0x000025d0   0x00000048   Code   RO          158    i.fillmessage       st7735.o
    0x00002618   0x00002618   0x00000018   Code   RO         1141    i.main              lab3.o
    0x00002630   0x00002630   0x0000003c   Code   RO         1533    i.osFifo_Get        os_sleep_sema.o
    0x0000266c   0x0000266c   0x00000024   Code   RO         1534    i.osFifo_Init       os_sleep_sema.o
    0x00002690   0x00002690   0x00000040   Code   RO         1535    i.osFifo_Put        os_sleep_sema.o
    0x000026d0   0x000026d0   0x00000012   Code   RO          161    i.pushColor         st7735.o
    0x000026e2   0x000026e2   0x00000002   PAD
    0x000026e4   0x000026e4   0x000000f0   Code   RO         1142    i.realmain          lab3.o
    0x000027d4   0x000027d4   0x00000074   Code   RO          162    i.setAddrWindow     st7735.o
    0x00002848   0x00002848   0x00000054   Code   RO         1537    i.upcount           os_sleep_sema.o
    0x0000289c   0x0000289c   0x00000050   Code   RO          163    i.writecommand      st7735.o
    0x000028ec   0x000028ec   0x00000054   Code   RO          164    i.writedata         st7735.o
    0x00002940   0x00002940   0x00000842   Data   RO          166    .constdata          st7735.o
    0x00003182   0x00003182   0x00000002   PAD
    0x00003184   0x00003184   0x00000040   Data   RO         1071    .constdata          irdistance.o
    0x000031c4   0x000031c4   0x00000020   Data   RO         1845    Region$$Table       anon$$obj.o


    Execution Region ER_RW (Exec base: 0x20000000, Load base: 0x000031e4, Size: 0x000001d4, Max: 0xffffffff, ABSOLUTE, COMPRESSED[0x0000001c])

    Exec Addr    Load Addr    Size         Type   Attr      Idx    E Section Name        Object

    0x20000000   COMPRESSED   0x00000030   Data   RW          167    .data               st7735.o
    0x20000030   COMPRESSED   0x00000008   Data   RW          487    .data               adct0atrigger.o
    0x20000038   COMPRESSED   0x0000009c   Data   RW          546    .data               lpf.o
    0x200000d4   COMPRESSED   0x00000004   Data   RW          678    .data               wtimer0a.o
    0x200000d8   COMPRESSED   0x00000010   Data   RW          932    .data               uart0int.o
    0x200000e8   COMPRESSED   0x00000098   Data   RW         1144    .data               lab3.o
    0x20000180   COMPRESSED   0x00000050   Data   RW         1540    .data               os_sleep_sema.o
    0x200001d0   COMPRESSED   0x00000004   Data   RW         1798    .data               timer2a.o


    Execution Region ER_ZI (Exec base: 0x200001d4, Load base: 0x00003200, Size: 0x000022bc, Max: 0xffffffff, ABSOLUTE)

    Exec Addr    Load Addr    Size         Type   Attr      Idx    E Section Name        Object

    0x200001d4        -       0x0000000c   Zero   RW          165    .bss                st7735.o
    0x200001e0        -       0x000001f0   Zero   RW          545    .bss                lpf.o
    0x200003d0        -       0x00000800   Zero   RW          931    .bss                uart0int.o
    0x20000bd0        -       0x00000200   Zero   RW         1143    .bss                lab3.o
    0x20000dd0        -       0x000012c0   Zero   RW         1538    .bss                os_sleep_sema.o
    0x20002090        -       0x00000400   Zero   RW            1    STACK               startup.o


==============================================================================

Image component sizes


      Code (inc. data)   RO Data    RW Data    ZI Data      Debug   Object Name

      1064         70          0          0          0       1404   adc.o
      1186        108          0          8          0       3989   adct0atrigger.o
       718        240          0          0          0        300   cr4_fft_64_stm32.o
       140         22          0          0          0        454   edisk.o
         4          0          0          0          0       6222   interpreter.o
        64         18         64          0          0       1175   irdistance.o
      1300        340          0        152        512       9665   lab3.o
       200         14          0        156        496       2396   lpf.o
      2208        298          0         80       4800      20610   os_sleep_sema.o
       100         14          0          0          0        300   osasm.o
        72          8          0          0          0        264   pid_stm32.o
       124          4          0          0          0        471   pll.o
      1946        208       2114         48         12      14750   st7735.o
       672        622          0          0       1024        988   startup.o
       120         28          0          4          0       1581   timer2a.o
       344         62          0         16       2048       4984   uart0int.o
       124         30          0          4          0       1617   wtimer0a.o

    ----------------------------------------------------------------------
     10398       2088       2212        468       8892      71170   Object Totals
         0          0         32          0          0          0   (incl. Generated)
        12          2          2          0          0          0   (incl. Padding)

    ----------------------------------------------------------------------

      Code (inc. data)   RO Data    RW Data    ZI Data      Debug   Library Member Name

        58          0          0          0          0          0   __dczerorl.o
         0          0          0          0          0          0   entry.o
         0          0          0          0          0          0   entry10a.o
         0          0          0          0          0          0   entry11a.o
         8          4          0          0          0          0   entry2.o
         4          0          0          0          0          0   entry5.o
         0          0          0          0          0          0   entry7b.o
         0          0          0          0          0          0   entry8b.o
         8          4          0          0          0          0   entry9a.o
        30          0          0          0          0          0   handlers.o
        36          8          0          0          0         68   init.o
        14          0          0          0          0         68   strlen.o

    ----------------------------------------------------------------------
       162         16          0          0          0        136   Library Totals
         4          0          0          0          0          0   (incl. Padding)

    ----------------------------------------------------------------------

      Code (inc. data)   RO Data    RW Data    ZI Data      Debug   Library Name

       158         16          0          0          0        136   mc_w.l

    ----------------------------------------------------------------------
       162         16          0          0          0        136   Library Totals

    ----------------------------------------------------------------------

==============================================================================


      Code (inc. data)   RO Data    RW Data    ZI Data      Debug   

     10560       2104       2212        468       8892      67326   Grand Totals
     10560       2104       2212         28       8892      67326   ELF Image Totals (compressed)
     10560       2104       2212         28          0          0   ROM Totals

==============================================================================

    Total RO  Size (Code + RO Data)                12772 (  12.47kB)
    Total RW  Size (RW Data + ZI Data)              9360 (   9.14kB)
    Total ROM Size (Code + RO Data + RW Data)      12800 (  12.50kB)

==============================================================================

